Component: ARM Compiler 5.06 update 7 (build 960) Tool: armlink [4d3601]

==============================================================================

Section Cross References

    main.o(i.main) refers to sys.o(i.GPIO_clock_init) for GPIO_clock_init
    main.o(i.main) refers to misc.o(i.NVIC_PriorityGroupConfig) for NVIC_PriorityGroupConfig
    main.o(i.main) refers to delay.o(i.delay_init) for delay_init
    main.o(i.main) refers to led.o(i.led_init) for led_init
    main.o(i.main) refers to lcd1602.o(i.lcdInit) for lcdInit
    main.o(i.main) refers to infrared.o(i.IR_init) for IR_init
    main.o(i.main) refers to tracking.o(i.tracking_init) for tracking_init
    main.o(i.main) refers to speedcount.o(i.speedCountInit) for speedCountInit
    main.o(i.main) refers to ultrasonic.o(i.ultrasonicInit) for ultrasonicInit
    main.o(i.main) refers to usart.o(i.usart1_init) for usart1_init
    main.o(i.main) refers to motor.o(i.motor_init) for motor_init
    main.o(i.main) refers to motor.o(i.carCtr) for carCtr
    main.o(i.main) refers to main.o(i.mode0) for mode0
    main.o(i.main) refers to main.o(i.mode1) for mode1
    main.o(i.main) refers to main.o(i.mode2) for mode2
    main.o(i.main) refers to main.o(i.mode3) for mode3
    main.o(i.main) refers to main.o(.data) for ctrlCommand
    main.o(i.main) refers to infrared.o(.data) for IRflag
    main.o(i.mode0) refers to infrared.o(i.avoid_status) for avoid_status
    main.o(i.mode0) refers to led.o(i.beep_MODE) for beep_MODE
    main.o(i.mode0) refers to ultrasonic.o(i.getDistance) for getDistance
    main.o(i.mode0) refers to led.o(i.led_MODE) for led_MODE
    main.o(i.mode0) refers to lcd1602.o(i.lcdClear) for lcdClear
    main.o(i.mode0) refers to lcd1602.o(i.lcdWriteDistance) for lcdWriteDistance
    main.o(i.mode0) refers to lcd1602.o(i.lcdWriteSpeed) for lcdWriteSpeed
    main.o(i.mode0) refers to lcd1602.o(i.lcdWriteTrackMsg) for lcdWriteTrackMsg
    main.o(i.mode0) refers to motor.o(i.getLeftFlag) for getLeftFlag
    main.o(i.mode0) refers to motor.o(i.getRightFlag) for getRightFlag
    main.o(i.mode0) refers to motor.o(i.carRight) for carRight
    main.o(i.mode0) refers to motor.o(i.carLeft) for carLeft
    main.o(i.mode0) refers to motor.o(i.carCtr) for carCtr
    main.o(i.mode0) refers to motor.o(i.speedCtr) for speedCtr
    main.o(i.mode0) refers to motor.o(i.servoAngleCtr) for servoAngleCtr
    main.o(i.mode0) refers to motor.o(i.servoAngleADD) for servoAngleADD
    main.o(i.mode0) refers to motor.o(i.servoAngleSUB) for servoAngleSUB
    main.o(i.mode0) refers to tracking.o(i.trackingSearch) for trackingSearch
    main.o(i.mode0) refers to main.o(.data) for tick_5ms
    main.o(i.mode0) refers to ultrasonic.o(.data) for distanceCM
    main.o(i.mode0) refers to speedcount.o(.data) for rightSpeed
    main.o(i.mode0) refers to tracking.o(.data) for trackStatus
    main.o(i.mode0) refers to infrared.o(.data) for IRflag
    main.o(i.mode1) refers to motor.o(i.carCtr) for carCtr
    main.o(i.mode1) refers to delay.o(i.delay_ms) for delay_ms
    main.o(i.mode1) refers to led.o(i.led_MODE) for led_MODE
    main.o(i.mode1) refers to led.o(i.beep_MODE) for beep_MODE
    main.o(i.mode1) refers to motor.o(i.servoAngleCtr) for servoAngleCtr
    main.o(i.mode1) refers to motor.o(i.servoAngleADD) for servoAngleADD
    main.o(i.mode1) refers to motor.o(i.servoAngleSUB) for servoAngleSUB
    main.o(i.mode1) refers to infrared.o(i.red_avoid_run) for red_avoid_run
    main.o(i.mode1) refers to ultrasonic.o(i.getWdistance) for getWdistance
    main.o(i.mode1) refers to infrared.o(i.avoid_status) for avoid_status
    main.o(i.mode1) refers to ultrasonic.o(i.getDistance) for getDistance
    main.o(i.mode1) refers to lcd1602.o(i.lcdClear) for lcdClear
    main.o(i.mode1) refers to lcd1602.o(i.lcdWriteDistance) for lcdWriteDistance
    main.o(i.mode1) refers to lcd1602.o(i.lcdWriteSpeed) for lcdWriteSpeed
    main.o(i.mode1) refers to lcd1602.o(i.lcdWriteTrackMsg) for lcdWriteTrackMsg
    main.o(i.mode1) refers to tracking.o(i.trackingSearch) for trackingSearch
    main.o(i.mode1) refers to infrared.o(.data) for IRflag
    main.o(i.mode1) refers to main.o(.data) for ctrlCommand
    main.o(i.mode1) refers to ultrasonic.o(.bss) for allDistanceCM
    main.o(i.mode1) refers to ultrasonic.o(.data) for distanceCM
    main.o(i.mode1) refers to speedcount.o(.data) for rightSpeed
    main.o(i.mode1) refers to tracking.o(.data) for trackStatus
    main.o(i.mode2) refers to infrared.o(i.avoid_status) for avoid_status
    main.o(i.mode2) refers to motor.o(i.getLeftFlag) for getLeftFlag
    main.o(i.mode2) refers to motor.o(i.getRightFlag) for getRightFlag
    main.o(i.mode2) refers to motor.o(i.carCtr) for carCtr
    main.o(i.mode2) refers to delay.o(i.delay_ms) for delay_ms
    main.o(i.mode2) refers to infrared.o(i.red_check) for red_check
    main.o(i.mode2) refers to ultrasonic.o(i.getDistance) for getDistance
    main.o(i.mode2) refers to lcd1602.o(i.lcdClear) for lcdClear
[...]
    Removing stm32f10x_flash.o(i.FLASH_Lock), (20 bytes).
    Removing stm32f10x_flash.o(i.FLASH_LockBank1), (20 bytes).
    Removing stm32f10x_flash.o(i.FLASH_PrefetchBufferCmd), (28 bytes).
    Removing stm32f10x_flash.o(i.FLASH_ProgramHalfWord), (64 bytes).
    Removing stm32f10x_flash.o(i.FLASH_ProgramOptionByteData), (84 bytes).
    Removing stm32f10x_flash.o(i.FLASH_ProgramWord), (108 bytes).
    Removing stm32f10x_flash.o(i.FLASH_ReadOutProtection), (172 bytes).
    Removing stm32f10x_flash.o(i.FLASH_SetLatency), (24 bytes).
    Removing stm32f10x_flash.o(i.FLASH_Unlock), (24 bytes).
    Removing stm32f10x_flash.o(i.FLASH_UnlockBank1), (24 bytes).
    Removing stm32f10x_flash.o(i.FLASH_UserOptionByteConfig), (104 bytes).
    Removing stm32f10x_flash.o(i.FLASH_WaitForLastBank1Operation), (38 bytes).
    Removing stm32f10x_flash.o(i.FLASH_WaitForLastOperation), (38 bytes).
    Removing stm32f10x_fsmc.o(i.FSMC_ClearFlag), (64 bytes).
    Removing stm32f10x_fsmc.o(i.FSMC_ClearITPendingBit), (72 bytes).
    Removing stm32f10x_fsmc.o(i.FSMC_GetECC), (28 bytes).
    Removing stm32f10x_fsmc.o(i.FSMC_GetFlagStatus), (56 bytes).
    Removing stm32f10x_fsmc.o(i.FSMC_GetITStatus), (68 bytes).
    Removing stm32f10x_fsmc.o(i.FSMC_ITConfig), (128 bytes).
    Removing stm32f10x_fsmc.o(i.FSMC_NANDCmd), (92 bytes).
    Removing stm32f10x_fsmc.o(i.FSMC_NANDDeInit), (68 bytes).
    Removing stm32f10x_fsmc.o(i.FSMC_NANDECCCmd), (92 bytes).
    Removing stm32f10x_fsmc.o(i.FSMC_NANDInit), (136 bytes).
    Removing stm32f10x_fsmc.o(i.FSMC_NANDStructInit), (54 bytes).
    Removing stm32f10x_fsmc.o(i.FSMC_NORSRAMCmd), (52 bytes).
    Removing stm32f10x_fsmc.o(i.FSMC_NORSRAMDeInit), (54 bytes).
    Removing stm32f10x_fsmc.o(i.FSMC_NORSRAMInit), (230 bytes).
    Removing stm32f10x_fsmc.o(i.FSMC_NORSRAMStructInit), (114 bytes).
    Removing stm32f10x_fsmc.o(i.FSMC_PCCARDCmd), (48 bytes).
    Removing stm32f10x_fsmc.o(i.FSMC_PCCARDDeInit), (40 bytes).
    Removing stm32f10x_fsmc.o(i.FSMC_PCCARDInit), (132 bytes).
    Removing stm32f10x_fsmc.o(i.FSMC_PCCARDStructInit), (60 bytes).
    Removing stm32f10x_gpio.o(i.GPIO_AFIODeInit), (20 bytes).
    Removing stm32f10x_gpio.o(i.GPIO_DeInit), (200 bytes).
    Removing stm32f10x_gpio.o(i.GPIO_ETH_MediaInterfaceConfig), (12 bytes).
    Removing stm32f10x_gpio.o(i.GPIO_EventOutputCmd), (12 bytes).
    Removing stm32f10x_gpio.o(i.GPIO_EventOutputConfig), (32 bytes).
    Removing stm32f10x_gpio.o(i.GPIO_PinLockConfig), (18 bytes).
    Removing stm32f10x_gpio.o(i.GPIO_PinRemapConfig), (144 bytes).
    Removing stm32f10x_gpio.o(i.GPIO_ReadInputData), (8 bytes).
    Removing stm32f10x_gpio.o(i.GPIO_ReadOutputData), (8 bytes).
    Removing stm32f10x_gpio.o(i.GPIO_ReadOutputDataBit), (18 bytes).
    Removing stm32f10x_gpio.o(i.GPIO_StructInit), (16 bytes).
    Removing stm32f10x_gpio.o(i.GPIO_Write), (4 bytes).
    Removing stm32f10x_gpio.o(i.GPIO_WriteBit), (10 bytes).
    Removing stm32f10x_i2c.o(i.I2C_ARPCmd), (24 bytes).
    Removing stm32f10x_i2c.o(i.I2C_AcknowledgeConfig), (24 bytes).
    Removing stm32f10x_i2c.o(i.I2C_CalculatePEC), (24 bytes).
    Removing stm32f10x_i2c.o(i.I2C_CheckEvent), (42 bytes).
    Removing stm32f10x_i2c.o(i.I2C_ClearFlag), (12 bytes).
    Removing stm32f10x_i2c.o(i.I2C_ClearITPendingBit), (12 bytes).
    Removing stm32f10x_i2c.o(i.I2C_Cmd), (24 bytes).
    Removing stm32f10x_i2c.o(i.I2C_DMACmd), (24 bytes).
    Removing stm32f10x_i2c.o(i.I2C_DMALastTransferCmd), (24 bytes).
    Removing stm32f10x_i2c.o(i.I2C_DeInit), (56 bytes).
    Removing stm32f10x_i2c.o(i.I2C_DualAddressCmd), (24 bytes).
    Removing stm32f10x_i2c.o(i.I2C_FastModeDutyCycleConfig), (28 bytes).
    Removing stm32f10x_i2c.o(i.I2C_GeneralCallCmd), (24 bytes).
    Removing stm32f10x_i2c.o(i.I2C_GenerateSTART), (24 bytes).
    Removing stm32f10x_i2c.o(i.I2C_GenerateSTOP), (24 bytes).
    Removing stm32f10x_i2c.o(i.I2C_GetFlagStatus), (58 bytes).
    Removing stm32f10x_i2c.o(i.I2C_GetITStatus), (38 bytes).
    Removing stm32f10x_i2c.o(i.I2C_GetLastEvent), (26 bytes).
    Removing stm32f10x_i2c.o(i.I2C_GetPEC), (8 bytes).
    Removing stm32f10x_i2c.o(i.I2C_ITConfig), (18 bytes).
    Removing stm32f10x_i2c.o(i.I2C_Init), (236 bytes).
    Removing stm32f10x_i2c.o(i.I2C_NACKPositionConfig), (28 bytes).
    Removing stm32f10x_i2c.o(i.I2C_OwnAddress2Config), (22 bytes).
    Removing stm32f10x_i2c.o(i.I2C_PECPositionConfig), (28 bytes).
    Removing stm32f10x_i2c.o(i.I2C_ReadRegister), (22 bytes).
    Removing stm32f10x_i2c.o(i.I2C_ReceiveData), (8 bytes).
    Removing stm32f10x_i2c.o(i.I2C_SMBusAlertConfig), (28 bytes).
    Removing stm32f10x_i2c.o(i.I2C_Send7bitAddress), (18 bytes).
    Removing stm32f10x_i2c.o(i.I2C_SendData), (4 bytes).
    Removing stm32f10x_i2c.o(i.I2C_SoftwareResetCmd), (22 bytes).
    Removing stm32f10x_i2c.o(i.I2C_StretchClockCmd), (24 bytes).
    Removing stm32f10x_i2c.o(i.I2C_StructInit), (30 bytes).
    Removing stm32f10x_i2c.o(i.I2C_TransmitPEC), (24 bytes).
    Removing stm32f10x_iwdg.o(i.IWDG_Enable), (16 bytes).
    Removing stm32f10x_iwdg.o(i.IWDG_GetFlagStatus), (24 bytes).
    Removing stm32f10x_iwdg.o(i.IWDG_ReloadCounter), (16 bytes).
    Removing stm32f10x_iwdg.o(i.IWDG_SetPrescaler), (12 bytes).
    Removing stm32f10x_iwdg.o(i.IWDG_SetReload), (12 bytes).
    Removing stm32f10x_iwdg.o(i.IWDG_WriteAccessCmd), (12 bytes).
    Removing stm32f10x_pwr.o(i.PWR_BackupAccessCmd), (12 bytes).
    Removing stm32f10x_pwr.o(i.PWR_ClearFlag), (20 bytes).
    Removing stm32f10x_pwr.o(i.PWR_DeInit), (22 bytes).
    Removing stm32f10x_pwr.o(i.PWR_EnterSTANDBYMode), (52 bytes).
    Removing stm32f10x_pwr.o(i.PWR_EnterSTOPMode), (64 bytes).
    Removing stm32f10x_pwr.o(i.PWR_GetFlagStatus), (24 bytes).
    Removing stm32f10x_pwr.o(i.PWR_PVDCmd), (12 bytes).
    Removing stm32f10x_pwr.o(i.PWR_PVDLevelConfig), (24 bytes).
    Removing stm32f10x_pwr.o(i.PWR_WakeUpPinCmd), (12 bytes).
    Removing stm32f10x_rcc.o(i.RCC_ADCCLKConfig), (24 bytes).
    Removing stm32f10x_rcc.o(i.RCC_AHBPeriphClockCmd), (32 bytes).
    Removing stm32f10x_rcc.o(i.RCC_APB1PeriphResetCmd), (32 bytes).
    Removing stm32f10x_rcc.o(i.RCC_APB2PeriphResetCmd), (32 bytes).
    Removing stm32f10x_rcc.o(i.RCC_AdjustHSICalibrationValue), (24 bytes).
    Removing stm32f10x_rcc.o(i.RCC_BackupResetCmd), (12 bytes).
    Removing stm32f10x_rcc.o(i.RCC_ClearFlag), (20 bytes).
    Removing stm32f10x_rcc.o(i.RCC_ClearITPendingBit), (12 bytes).
    Removing stm32f10x_rcc.o(i.RCC_ClockSecuritySystemCmd), (12 bytes).
    Removing stm32f10x_rcc.o(i.RCC_DeInit), (76 bytes).
    Removing stm32f10x_rcc.o(i.RCC_GetFlagStatus), (60 bytes).
    Removing stm32f10x_rcc.o(i.RCC_GetITStatus), (24 bytes).
    Removing stm32f10x_rcc.o(i.RCC_GetSYSCLKSource), (16 bytes).
    Removing stm32f10x_rcc.o(i.RCC_HCLKConfig), (24 bytes).
    Removing stm32f10x_rcc.o(i.RCC_HSEConfig), (76 bytes).
    Removing stm32f10x_rcc.o(i.RCC_HSICmd), (12 bytes).
    Removing stm32f10x_rcc.o(i.RCC_ITConfig), (32 bytes).
    Removing stm32f10x_rcc.o(i.RCC_LSEConfig), (52 bytes).
    Removing stm32f10x_rcc.o(i.RCC_LSICmd), (12 bytes).
    Removing stm32f10x_rcc.o(i.RCC_MCOConfig), (12 bytes).
    Removing stm32f10x_rcc.o(i.RCC_PCLK1Config), (24 bytes).
    Removing stm32f10x_rcc.o(i.RCC_PCLK2Config), (24 bytes).
    Removing stm32f10x_rcc.o(i.RCC_PLLCmd), (12 bytes).
    Removing stm32f10x_rcc.o(i.RCC_PLLConfig), (28 bytes).
    Removing stm32f10x_rcc.o(i.RCC_RTCCLKCmd), (12 bytes).
    Removing stm32f10x_rcc.o(i.RCC_RTCCLKConfig), (16 bytes).
    Removing stm32f10x_rcc.o(i.RCC_SYSCLKConfig), (24 bytes).
    Removing stm32f10x_rcc.o(i.RCC_USBCLKConfig), (12 bytes).
    Removing stm32f10x_rcc.o(i.RCC_WaitForHSEStartUp), (56 bytes).
    Removing stm32f10x_rtc.o(i.RTC_ClearFlag), (16 bytes).
    Removing stm32f10x_rtc.o(i.RTC_ClearITPendingBit), (16 bytes).
    Removing stm32f10x_rtc.o(i.RTC_EnterConfigMode), (20 bytes).
    Removing stm32f10x_rtc.o(i.RTC_ExitConfigMode), (20 bytes).
    Removing stm32f10x_rtc.o(i.RTC_GetCounter), (20 bytes).
    Removing stm32f10x_rtc.o(i.RTC_GetDivider), (24 bytes).
    Removing stm32f10x_rtc.o(i.RTC_GetFlagStatus), (24 bytes).
    Removing stm32f10x_rtc.o(i.RTC_GetITStatus), (36 bytes).
    Removing stm32f10x_rtc.o(i.RTC_ITConfig), (32 bytes).
    Removing stm32f10x_rtc.o(i.RTC_SetAlarm), (28 bytes).
    Removing stm32f10x_rtc.o(i.RTC_SetCounter), (28 bytes).
    Removing stm32f10x_rtc.o(i.RTC_SetPrescaler), (32 bytes).
    Removing stm32f10x_rtc.o(i.RTC_WaitForLastTask), (20 bytes).
    Removing stm32f10x_rtc.o(i.RTC_WaitForSynchro), (36 bytes).
    Removing stm32f10x_sdio.o(i.SDIO_CEATAITCmd), (16 bytes).
    Removing stm32f10x_sdio.o(i.SDIO_ClearFlag), (12 bytes).
    Removing stm32f10x_sdio.o(i.SDIO_ClearITPendingBit), (12 bytes).
    Removing stm32f10x_sdio.o(i.SDIO_ClockCmd), (12 bytes).
    Removing stm32f10x_sdio.o(i.SDIO_CmdStructInit), (14 bytes).
    Removing stm32f10x_sdio.o(i.SDIO_CommandCompletionCmd), (12 bytes).
    Removing stm32f10x_sdio.o(i.SDIO_DMACmd), (12 bytes).
    Removing stm32f10x_sdio.o(i.SDIO_DataConfig), (48 bytes).
    Removing stm32f10x_sdio.o(i.SDIO_DataStructInit), (20 bytes).
    Removing stm32f10x_sdio.o(i.SDIO_DeInit), (36 bytes).
    Removing stm32f10x_sdio.o(i.SDIO_GetCommandResponse), (12 bytes).
    Removing stm32f10x_sdio.o(i.SDIO_GetDataCounter), (12 bytes).
    Removing stm32f10x_sdio.o(i.SDIO_GetFIFOCount), (12 bytes).
    Removing stm32f10x_sdio.o(i.SDIO_GetFlagStatus), (24 bytes).
    Removing stm32f10x_sdio.o(i.SDIO_GetITStatus), (24 bytes).
    Removing stm32f10x_sdio.o(i.SDIO_GetPowerState), (16 bytes).
    Removing stm32f10x_sdio.o(i.SDIO_GetResponse), (24 bytes).
    Removing stm32f10x_sdio.o(i.SDIO_ITConfig), (32 bytes).
    Removing stm32f10x_sdio.o(i.SDIO_Init), (48 bytes).
    Removing stm32f10x_sdio.o(i.SDIO_ReadData), (12 bytes).
    Removing stm32f10x_sdio.o(i.SDIO_SendCEATACmd), (12 bytes).
    Removing stm32f10x_sdio.o(i.SDIO_SendCommand), (44 bytes).
    Removing stm32f10x_sdio.o(i.SDIO_SendSDIOSuspendCmd), (12 bytes).
    Removing stm32f10x_sdio.o(i.SDIO_SetPowerState), (28 bytes).
    Removing stm32f10x_sdio.o(i.SDIO_SetSDIOOperation), (12 bytes).
    Removing stm32f10x_sdio.o(i.SDIO_SetSDIOReadWaitMode), (12 bytes).
    Removing stm32f10x_sdio.o(i.SDIO_StartSDIOReadWait), (12 bytes).
    Removing stm32f10x_sdio.o(i.SDIO_StopSDIOReadWait), (12 bytes).
    Removing stm32f10x_sdio.o(i.SDIO_StructInit), (16 bytes).
    Removing stm32f10x_sdio.o(i.SDIO_WriteData), (12 bytes).
    Removing stm32f10x_spi.o(i.I2S_Cmd), (24 bytes).
    Removing stm32f10x_spi.o(i.I2S_Init), (232 bytes).
    Removing stm32f10x_spi.o(i.I2S_StructInit), (20 bytes).
    Removing stm32f10x_spi.o(i.SPI_BiDirectionalLineConfig), (28 bytes).
    Removing stm32f10x_spi.o(i.SPI_CalculateCRC), (24 bytes).
    Removing stm32f10x_spi.o(i.SPI_Cmd), (24 bytes).
    Removing stm32f10x_spi.o(i.SPI_DataSizeConfig), (18 bytes).
    Removing stm32f10x_spi.o(i.SPI_GetCRC), (16 bytes).
    Removing stm32f10x_spi.o(i.SPI_GetCRCPolynomial), (6 bytes).
    Removing stm32f10x_spi.o(i.SPI_I2S_ClearFlag), (6 bytes).
    Removing stm32f10x_spi.o(i.SPI_I2S_ClearITPendingBit), (20 bytes).
    Removing stm32f10x_spi.o(i.SPI_I2S_DMACmd), (18 bytes).
    Removing stm32f10x_spi.o(i.SPI_I2S_DeInit), (88 bytes).
    Removing stm32f10x_spi.o(i.SPI_I2S_GetFlagStatus), (18 bytes).
    Removing stm32f10x_spi.o(i.SPI_I2S_GetITStatus), (52 bytes).
    Removing stm32f10x_spi.o(i.SPI_I2S_ITConfig), (32 bytes).
    Removing stm32f10x_spi.o(i.SPI_I2S_ReceiveData), (6 bytes).
    Removing stm32f10x_spi.o(i.SPI_I2S_SendData), (4 bytes).
    Removing stm32f10x_spi.o(i.SPI_Init), (60 bytes).
    Removing stm32f10x_spi.o(i.SPI_NSSInternalSoftwareConfig), (30 bytes).
    Removing stm32f10x_spi.o(i.SPI_SSOutputCmd), (24 bytes).
    Removing stm32f10x_spi.o(i.SPI_StructInit), (24 bytes).
    Removing stm32f10x_spi.o(i.SPI_TransmitCRC), (10 bytes).
    Removing stm32f10x_tim.o(i.TI1_Config), (128 bytes).
    Removing stm32f10x_tim.o(i.TI2_Config), (152 bytes).
    Removing stm32f10x_tim.o(i.TI3_Config), (144 bytes).
    Removing stm32f10x_tim.o(i.TI4_Config), (152 bytes).
    Removing stm32f10x_tim.o(i.TIM_ARRPreloadConfig), (24 bytes).
    Removing stm32f10x_tim.o(i.TIM_BDTRConfig), (32 bytes).
    Removing stm32f10x_tim.o(i.TIM_BDTRStructInit), (18 bytes).
    Removing stm32f10x_tim.o(i.TIM_CCPreloadControl), (24 bytes).
    Removing stm32f10x_tim.o(i.TIM_CCxCmd), (30 bytes).
    Removing stm32f10x_tim.o(i.TIM_CCxNCmd), (30 bytes).
    Removing stm32f10x_tim.o(i.TIM_ClearFlag), (6 bytes).
    Removing stm32f10x_tim.o(i.TIM_ClearOC1Ref), (18 bytes).
    Removing stm32f10x_tim.o(i.TIM_ClearOC2Ref), (24 bytes).
    Removing stm32f10x_tim.o(i.TIM_ClearOC3Ref), (18 bytes).
    Removing stm32f10x_tim.o(i.TIM_ClearOC4Ref), (24 bytes).
    Removing stm32f10x_tim.o(i.TIM_CounterModeConfig), (18 bytes).
    Removing stm32f10x_tim.o(i.TIM_CtrlPWMOutputs), (30 bytes).
    Removing stm32f10x_tim.o(i.TIM_DMACmd), (18 bytes).
    Removing stm32f10x_tim.o(i.TIM_DMAConfig), (10 bytes).
    Removing stm32f10x_tim.o(i.TIM_DeInit), (488 bytes).
    Removing stm32f10x_tim.o(i.TIM_ETRClockMode1Config), (54 bytes).
    Removing stm32f10x_tim.o(i.TIM_ETRClockMode2Config), (32 bytes).
    Removing stm32f10x_tim.o(i.TIM_ETRConfig), (28 bytes).
    Removing stm32f10x_tim.o(i.TIM_EncoderInterfaceConfig), (66 bytes).
    Removing stm32f10x_tim.o(i.TIM_ForcedOC1Config), (18 bytes).
    Removing stm32f10x_tim.o(i.TIM_ForcedOC2Config), (26 bytes).
    Removing stm32f10x_tim.o(i.TIM_ForcedOC3Config), (18 bytes).
    Removing stm32f10x_tim.o(i.TIM_ForcedOC4Config), (26 bytes).
    Removing stm32f10x_tim.o(i.TIM_GenerateEvent), (4 bytes).
    Removing stm32f10x_tim.o(i.TIM_GetCapture1), (6 bytes).
    Removing stm32f10x_tim.o(i.TIM_GetCapture2), (6 bytes).
    Removing stm32f10x_tim.o(i.TIM_GetCapture3), (6 bytes).
    Removing stm32f10x_tim.o(i.TIM_GetCapture4), (8 bytes).
    Removing stm32f10x_tim.o(i.TIM_GetFlagStatus), (18 bytes).
    Removing stm32f10x_tim.o(i.TIM_GetPrescaler), (6 bytes).
    Removing stm32f10x_tim.o(i.TIM_ICInit), (172 bytes).
    Removing stm32f10x_tim.o(i.TIM_ICStructInit), (18 bytes).
    Removing stm32f10x_tim.o(i.TIM_ITRxExternalClockConfig), (24 bytes).
    Removing stm32f10x_tim.o(i.TIM_InternalClockConfig), (12 bytes).
    Removing stm32f10x_tim.o(i.TIM_OC1FastConfig), (18 bytes).
    Removing stm32f10x_tim.o(i.TIM_OC1Init), (152 bytes).
    Removing stm32f10x_tim.o(i.TIM_OC1NPolarityConfig), (18 bytes).
    Removing stm32f10x_tim.o(i.TIM_OC1PolarityConfig), (18 bytes).
    Removing stm32f10x_tim.o(i.TIM_OC1PreloadConfig), (18 bytes).
    Removing stm32f10x_tim.o(i.TIM_OC2FastConfig), (26 bytes).
    Removing stm32f10x_tim.o(i.TIM_OC2Init), (164 bytes).
    Removing stm32f10x_tim.o(i.TIM_OC2NPolarityConfig), (26 bytes).
    Removing stm32f10x_tim.o(i.TIM_OC2PolarityConfig), (26 bytes).
    Removing stm32f10x_tim.o(i.TIM_OC2PreloadConfig), (26 bytes).
    Removing stm32f10x_tim.o(i.TIM_OC3FastConfig), (18 bytes).
    Removing stm32f10x_tim.o(i.TIM_OC3Init), (160 bytes).
    Removing stm32f10x_tim.o(i.TIM_OC3NPolarityConfig), (26 bytes).
    Removing stm32f10x_tim.o(i.TIM_OC3PolarityConfig), (26 bytes).
    Removing stm32f10x_tim.o(i.TIM_OC3PreloadConfig), (18 bytes).
    Removing stm32f10x_tim.o(i.TIM_OC4FastConfig), (26 bytes).
    Removing stm32f10x_tim.o(i.TIM_OC4Init), (124 bytes).
    Removing stm32f10x_tim.o(i.TIM_OC4PolarityConfig), (26 bytes).
    Removing stm32f10x_tim.o(i.TIM_OC4PreloadConfig), (26 bytes).
    Removing stm32f10x_tim.o(i.TIM_OCStructInit), (20 bytes).
    Removing stm32f10x_tim.o(i.TIM_PWMIConfig), (124 bytes).
    Removing stm32f10x_tim.o(i.TIM_PrescalerConfig), (6 bytes).
    Removing stm32f10x_tim.o(i.TIM_SelectCCDMA), (24 bytes).
    Removing stm32f10x_tim.o(i.TIM_SelectCOM), (24 bytes).
    Removing stm32f10x_tim.o(i.TIM_SelectHallSensor), (24 bytes).
    Removing stm32f10x_tim.o(i.TIM_SelectInputTrigger), (18 bytes).
    Removing stm32f10x_tim.o(i.TIM_SelectMasterSlaveMode), (18 bytes).
    Removing stm32f10x_tim.o(i.TIM_SelectOCxM), (82 bytes).
    Removing stm32f10x_tim.o(i.TIM_SelectOnePulseMode), (18 bytes).
    Removing stm32f10x_tim.o(i.TIM_SelectOutputTrigger), (18 bytes).
    Removing stm32f10x_tim.o(i.TIM_SelectSlaveMode), (18 bytes).
    Removing stm32f10x_tim.o(i.TIM_SetAutoreload), (4 bytes).
    Removing stm32f10x_tim.o(i.TIM_SetClockDivision), (18 bytes).
    Removing stm32f10x_tim.o(i.TIM_SetCompare1), (4 bytes).
    Removing stm32f10x_tim.o(i.TIM_SetCompare2), (4 bytes).
    Removing stm32f10x_tim.o(i.TIM_SetCompare3), (4 bytes).
    Removing stm32f10x_tim.o(i.TIM_SetCompare4), (6 bytes).
    Removing stm32f10x_tim.o(i.TIM_SetIC1Prescaler), (18 bytes).
    Removing stm32f10x_tim.o(i.TIM_SetIC2Prescaler), (26 bytes).
    Removing stm32f10x_tim.o(i.TIM_SetIC3Prescaler), (18 bytes).
    Removing stm32f10x_tim.o(i.TIM_SetIC4Prescaler), (26 bytes).
    Removing stm32f10x_tim.o(i.TIM_TIxExternalClockConfig), (62 bytes).
    Removing stm32f10x_tim.o(i.TIM_TimeBaseStructInit), (18 bytes).
    Removing stm32f10x_tim.o(i.TIM_UpdateDisableConfig), (24 bytes).
    Removing stm32f10x_tim.o(i.TIM_UpdateRequestConfig), (24 bytes).
    Removing stm32f10x_usart.o(i.USART_ClearFlag), (18 bytes).
    Removing stm32f10x_usart.o(i.USART_ClearITPendingBit), (30 bytes).
    Removing stm32f10x_usart.o(i.USART_ClockInit), (34 bytes).
    Removing stm32f10x_usart.o(i.USART_ClockStructInit), (12 bytes).
    Removing stm32f10x_usart.o(i.USART_DMACmd), (18 bytes).
    Removing stm32f10x_usart.o(i.USART_DeInit), (156 bytes).
    Removing stm32f10x_usart.o(i.USART_GetFlagStatus), (26 bytes).
    Removing stm32f10x_usart.o(i.USART_HalfDuplexCmd), (24 bytes).
    Removing stm32f10x_usart.o(i.USART_IrDACmd), (24 bytes).
    Removing stm32f10x_usart.o(i.USART_IrDAConfig), (18 bytes).
    Removing stm32f10x_usart.o(i.USART_LINBreakDetectLengthConfig), (18 bytes).
    Removing stm32f10x_usart.o(i.USART_LINCmd), (24 bytes).
    Removing stm32f10x_usart.o(i.USART_OneBitMethodCmd), (24 bytes).
    Removing stm32f10x_usart.o(i.USART_OverSampling8Cmd), (22 bytes).
    Removing stm32f10x_usart.o(i.USART_ReceiverWakeUpCmd), (24 bytes).
    Removing stm32f10x_usart.o(i.USART_SendBreak), (10 bytes).
    Removing stm32f10x_usart.o(i.USART_SetAddress), (18 bytes).
    Removing stm32f10x_usart.o(i.USART_SetGuardTime), (16 bytes).
    Removing stm32f10x_usart.o(i.USART_SetPrescaler), (16 bytes).
    Removing stm32f10x_usart.o(i.USART_SmartCardCmd), (24 bytes).
    Removing stm32f10x_usart.o(i.USART_SmartCardNACKCmd), (24 bytes).
    Removing stm32f10x_usart.o(i.USART_StructInit), (24 bytes).
    Removing stm32f10x_usart.o(i.USART_WakeUpConfig), (18 bytes).
    Removing stm32f10x_wwdg.o(i.WWDG_ClearFlag), (12 bytes).
    Removing stm32f10x_wwdg.o(i.WWDG_DeInit), (22 bytes).
    Removing stm32f10x_wwdg.o(i.WWDG_Enable), (16 bytes).
    Removing stm32f10x_wwdg.o(i.WWDG_EnableIT), (12 bytes).
    Removing stm32f10x_wwdg.o(i.WWDG_GetFlagStatus), (12 bytes).
    Removing stm32f10x_wwdg.o(i.WWDG_SetCounter), (16 bytes).
    Removing stm32f10x_wwdg.o(i.WWDG_SetPrescaler), (24 bytes).
    Removing stm32f10x_wwdg.o(i.WWDG_SetWindowValue), (40 bytes).
    Removing motor.o(i.carMoveCtr), (320 bytes).
    Removing bluetooth.o(i.usart3_init), (172 bytes).
    Removing lcd1602.o(i.lcdDefault), (36 bytes).
    Removing ddiv.o(.text), (222 bytes).
    Removing dfixul.o(.text), (48 bytes).
    Removing cdrcmple.o(.text), (48 bytes).

454 unused section(s) (total 19042 bytes) removed from the image.

==============================================================================

Image Symbol Table

    Local Symbols

    Symbol Name                              Value     Ov Type        Size  Object(Section)

    ../clib/microlib/division.c              0x00000000   Number         0  uldiv.o ABSOLUTE
    ../clib/microlib/division.c              0x00000000   Number         0  uidiv.o ABSOLUTE
    ../clib/microlib/init/entry.s            0x00000000   Number         0  entry8a.o ABSOLUTE
    ../clib/microlib/init/entry.s            0x00000000   Number         0  entry12a.o ABSOLUTE
    ../clib/microlib/init/entry.s            0x00000000   Number         0  entry5.o ABSOLUTE
    ../clib/microlib/init/entry.s            0x00000000   Number         0  entry8b.o ABSOLUTE
    ../clib/microlib/init/entry.s            0x00000000   Number         0  entry2.o ABSOLUTE
    ../clib/microlib/init/entry.s            0x00000000   Number         0  entry9a.o ABSOLUTE
    ../clib/microlib/init/entry.s            0x00000000   Number         0  entry10b.o ABSOLUTE
    ../clib/microlib/init/entry.s            0x00000000   Number         0  entry12b.o ABSOLUTE
    ../clib/microlib/init/entry.s            0x00000000   Number         0  entry9b.o ABSOLUTE
    ../clib/microlib/init/entry.s            0x00000000   Number         0  entry10a.o ABSOLUTE
    ../clib/microlib/init/entry.s            0x00000000   Number         0  entry11a.o ABSOLUTE
    ../clib/microlib/init/entry.s            0x00000000   Number         0  entry11b.o ABSOLUTE
    ../clib/microlib/init/entry.s            0x00000000   Number         0  entry7b.o ABSOLUTE
    ../clib/microlib/init/entry.s            0x00000000   Number         0  entry7a.o ABSOLUTE
    ../clib/microlib/init/entry.s            0x00000000   Number         0  entry.o ABSOLUTE
    ../clib/microlib/longlong.c              0x00000000   Number         0  llshl.o ABSOLUTE
    ../clib/microlib/longlong.c              0x00000000   Number         0  llsshr.o ABSOLUTE
    ../clib/microlib/longlong.c              0x00000000   Number         0  llushr.o ABSOLUTE
    ../clib/microlib/printf/printf.c         0x00000000   Number         0  printfb.o ABSOLUTE
    ../clib/microlib/printf/printf.c         0x00000000   Number         0  printf3.o ABSOLUTE
    ../clib/microlib/printf/printf.c         0x00000000   Number         0  printfa.o ABSOLUTE
    ../clib/microlib/printf/printf.c         0x00000000   Number         0  printf2.o ABSOLUTE
    ../clib/microlib/printf/printf.c         0x00000000   Number         0  printf0.o ABSOLUTE
    ../clib/microlib/printf/printf.c         0x00000000   Number         0  printf4.o ABSOLUTE
    ../clib/microlib/printf/printf.c         0x00000000   Number         0  printf1.o ABSOLUTE
    ../clib/microlib/printf/printf.c         0x00000000   Number         0  printf5.o ABSOLUTE
    ../clib/microlib/printf/printf.c         0x00000000   Number         0  printf6.o ABSOLUTE
    ../clib/microlib/printf/printf.c         0x00000000   Number         0  printf7.o ABSOLUTE
    ../clib/microlib/printf/printf.c         0x00000000   Number         0  printf8.o ABSOLUTE
    ../clib/microlib/printf/stubs.s          0x00000000   Number         0  stubs.o ABSOLUTE
    ../clib/microlib/stdio/streams.c         0x00000000   Number         0  stdout.o ABSOLUTE
    ../clib/microlib/stubs.s                 0x00000000   Number         0  iusefp.o ABSOLUTE
    ../fplib/microlib/fpadd.c                0x00000000   Number         0  dadd.o ABSOLUTE
    ../fplib/microlib/fpdiv.c                0x00000000   Number         0  ddiv.o ABSOLUTE
    ../fplib/microlib/fpepilogue.c           0x00000000   Number         0  depilogue.o ABSOLUTE
    ../fplib/microlib/fpfix.c                0x00000000   Number         0  dfixui.o ABSOLUTE
    ../fplib/microlib/fpfix.c                0x00000000   Number         0  dfixul.o ABSOLUTE
    ../fplib/microlib/fpflt.c                0x00000000   Number         0  dfltui.o ABSOLUTE
    ../fplib/microlib/fpmul.c                0x00000000   Number         0  dmul.o ABSOLUTE
    ..\CORE\core_cm3.c                       0x00000000   Number         0  core_cm3.o ABSOLUTE
    ..\CORE\startup_stm32f10x_hd.s           0x00000000   Number         0  startup_stm32f10x_hd.o ABSOLUTE
    ..\FWLIB\src\misc.c                      0x00000000   Number         0  misc.o ABSOLUTE
    ..\FWLIB\src\stm32f10x_adc.c             0x00000000   Number         0  stm32f10x_adc.o ABSOLUTE
    ..\FWLIB\src\stm32f10x_bkp.c             0x00000000   Number         0  stm32f10x_bkp.o ABSOLUTE
    ..\FWLIB\src\stm32f10x_can.c             0x00000000   Number         0  stm32f10x_can.o ABSOLUTE
    ..\FWLIB\src\stm32f10x_cec.c             0x00000000   Number         0  stm32f10x_cec.o ABSOLUTE
    ..\FWLIB\src\stm32f10x_crc.c             0x00000000   Number         0  stm32f10x_crc.o ABSOLUTE
    ..\FWLIB\src\stm32f10x_dac.c             0x00000000   Number         0  stm32f10x_dac.o ABSOLUTE
    ..\FWLIB\src\stm32f10x_dbgmcu.c          0x00000000   Number         0  stm32f10x_dbgmcu.o ABSOLUTE
    ..\FWLIB\src\stm32f10x_dma.c             0x00000000   Number         0  stm32f10x_dma.o ABSOLUTE
    ..\FWLIB\src\stm32f10x_exti.c            0x00000000   Number         0  stm32f10x_exti.o ABSOLUTE
    ..\FWLIB\src\stm32f10x_flash.c           0x00000000   Number         0  stm32f10x_flash.o ABSOLUTE
    ..\FWLIB\src\stm32f10x_fsmc.c            0x00000000   Number         0  stm32f10x_fsmc.o ABSOLUTE
    ..\FWLIB\src\stm32f10x_gpio.c            0x00000000   Number         0  stm32f10x_gpio.o ABSOLUTE
    ..\FWLIB\src\stm32f10x_i2c.c             0x00000000   Number         0  stm32f10x_i2c.o ABSOLUTE
    ..\FWLIB\src\stm32f10x_iwdg.c            0x00000000   Number         0  stm32f10x_iwdg.o ABSOLUTE
    ..\FWLIB\src\stm32f10x_pwr.c             0x00000000   Number         0  stm32f10x_pwr.o ABSOLUTE
    ..\FWLIB\src\stm32f10x_rcc.c             0x00000000   Number         0  stm32f10x_rcc.o ABSOLUTE
    ..\FWLIB\src\stm32f10x_rtc.c             0x00000000   Number         0  stm32f10x_rtc.o ABSOLUTE
    ..\FWLIB\src\stm32f10x_sdio.c            0x00000000   Number         0  stm32f10x_sdio.o ABSOLUTE
    ..\FWLIB\src\stm32f10x_spi.c             0x00000000   Number         0  stm32f10x_spi.o ABSOLUTE
    ..\FWLIB\src\stm32f10x_tim.c             0x00000000   Number         0  stm32f10x_tim.o ABSOLUTE
    ..\FWLIB\src\stm32f10x_usart.c           0x00000000   Number         0  stm32f10x_usart.o ABSOLUTE
    ..\FWLIB\src\stm32f10x_wwdg.c            0x00000000   Number         0  stm32f10x_wwdg.o ABSOLUTE
    ..\HARDWARE\bluetooth.c                  0x00000000   Number         0  bluetooth.o ABSOLUTE
    ..\HARDWARE\infrared.c                   0x00000000   Number         0  infrared.o ABSOLUTE
    ..\HARDWARE\lcd1602.c                    0x00000000   Number         0  lcd1602.o ABSOLUTE
    ..\HARDWARE\led.c                        0x00000000   Number         0  led.o ABSOLUTE
    ..\HARDWARE\motor.c                      0x00000000   Number         0  motor.o ABSOLUTE
    ..\HARDWARE\speedCount.c                 0x00000000   Number         0  speedcount.o ABSOLUTE
    ..\HARDWARE\tracking.c                   0x00000000   Number         0  tracking.o ABSOLUTE
    ..\HARDWARE\ultrasonic.c                 0x00000000   Number         0  ultrasonic.o ABSOLUTE
    ..\SYS\delay.c                           0x00000000   Number         0  delay.o ABSOLUTE
    ..\SYS\sys.c                             0x00000000   Number         0  sys.o ABSOLUTE
    ..\SYS\usart.c                           0x00000000   Number         0  usart.o ABSOLUTE
    ..\\CORE\\core_cm3.c                     0x00000000   Number         0  core_cm3.o ABSOLUTE
    cdrcmple.s                               0x00000000   Number         0  cdrcmple.o ABSOLUTE
    dc.s                                     0x00000000   Number         0  dc.o ABSOLUTE
    handlers.s                               0x00000000   Number         0  handlers.o ABSOLUTE
    init.s                                   0x00000000   Number         0  init.o ABSOLUTE
    main.c                                   0x00000000   Number         0  main.o ABSOLUTE
    stm32f10x_it.c                           0x00000000   Number         0  stm32f10x_it.o ABSOLUTE
    system_stm32f10x.c                       0x00000000   Number         0  system_stm32f10x.o ABSOLUTE
    RESET                                    0x08000000   Section      304  startup_stm32f10x_hd.o(RESET)
    .ARM.Collect$$$$00000000                 0x08000130   Section        0  entry.o(.ARM.Collect$$$$00000000)
    .ARM.Collect$$$$00000001                 0x08000130   Section        4  entry2.o(.ARM.Collect$$$$00000001)
    .ARM.Collect$$$$00000004                 0x08000134   Section        4  entry5.o(.ARM.Collect$$$$00000004)
    .ARM.Collect$$$$00000008                 0x08000138   Section        0  entry7b.o(.ARM.Collect$$$$00000008)
    .ARM.Collect$$$$0000000A                 0x08000138   Section        0  entry8b.o(.ARM.Collect$$$$0000000A)
    .ARM.Collect$$$$0000000B                 0x08000138   Section        8  entry9a.o(.ARM.Collect$$$$0000000B)
    .ARM.Collect$$$$0000000E                 0x08000140   Section        4  entry12b.o(.ARM.Collect$$$$0000000E)
    .ARM.Collect$$$$0000000F                 0x08000144   Section        0  entry10a.o(.ARM.Collect$$$$0000000F)
    .ARM.Collect$$$$00000011                 0x08000144   Section        0  entry11a.o(.ARM.Collect$$$$00000011)
    .ARM.Collect$$$$00002712                 0x08000144   Section        4  entry2.o(.ARM.Collect$$$$00002712)
    __lit__00000000                          0x08000144   Data           4  entry2.o(.ARM.Collect$$$$00002712)
    .text                                    0x08000148   Section       36  startup_stm32f10x_hd.o(.text)
    .text                                    0x0800016c   Section        0  dadd.o(.text)
    .text                                    0x080002ba   Section        0  dmul.o(.text)
    .text                                    0x0800039e   Section        0  dfltui.o(.text)
    .text                                    0x080003b8   Section        0  dfixui.o(.text)
    .text                                    0x080003ea   Section        0  uldiv.o(.text)
    .text                                    0x0800044c   Section        0  llshl.o(.text)
    .text                                    0x0800046a   Section        0  llushr.o(.text)
    .text                                    0x0800048a   Section        0  llsshr.o(.text)
    .text                                    0x080004ae   Section        0  iusefp.o(.text)
    .text                                    0x080004ae   Section        0  depilogue.o(.text)
    .text                                    0x08000568   Section       36  init.o(.text)
    i.BusFault_Handler                       0x0800058c   Section        0  stm32f10x_it.o(i.BusFault_Handler)
    i.DebugMon_Handler                       0x08000590   Section        0  stm32f10x_it.o(i.DebugMon_Handler)
    i.EXTI15_10_IRQHandler                   0x08000594   Section        0  infrared.o(i.EXTI15_10_IRQHandler)
    i.EXTI_ClearITPendingBit                 0x080005b8   Section        0  stm32f10x_exti.o(i.EXTI_ClearITPendingBit)
    i.EXTI_GetITStatus                       0x080005c4   Section        0  stm32f10x_exti.o(i.EXTI_GetITStatus)
    i.EXTI_Init                              0x080005ec   Section        0  stm32f10x_exti.o(i.EXTI_Init)
    i.GPIO_EXTILineConfig                    0x08000680   Section        0  stm32f10x_gpio.o(i.GPIO_EXTILineConfig)
    i.GPIO_Init                              0x080006c0   Section        0  stm32f10x_gpio.o(i.GPIO_Init)
    i.GPIO_ReadInputDataBit                  0x080007d6   Section        0  stm32f10x_gpio.o(i.GPIO_ReadInputDataBit)
    i.GPIO_ResetBits                         0x080007e8   Section        0  stm32f10x_gpio.o(i.GPIO_ResetBits)
    i.GPIO_SetBits                           0x080007ec   Section        0  stm32f10x_gpio.o(i.GPIO_SetBits)
    i.GPIO_clock_init                        0x080007f0   Section        0  sys.o(i.GPIO_clock_init)
    i.HardFault_Handler                      0x0800082c   Section        0  stm32f10x_it.o(i.HardFault_Handler)
    i.IR_init                                0x08000830   Section        0  infrared.o(i.IR_init)
    i.MemManage_Handler                      0x080008e4   Section        0  stm32f10x_it.o(i.MemManage_Handler)
    i.NMI_Handler                            0x080008e8   Section        0  stm32f10x_it.o(i.NMI_Handler)
    i.NVIC_Init                              0x080008ec   Section        0  misc.o(i.NVIC_Init)
    i.NVIC_PriorityGroupConfig               0x0800095c   Section        0  misc.o(i.NVIC_PriorityGroupConfig)
    i.PendSV_Handler                         0x08000970   Section        0  stm32f10x_it.o(i.PendSV_Handler)
    i.RCC_APB1PeriphClockCmd                 0x08000974   Section        0  stm32f10x_rcc.o(i.RCC_APB1PeriphClockCmd)
    i.RCC_APB2PeriphClockCmd                 0x08000994   Section        0  stm32f10x_rcc.o(i.RCC_APB2PeriphClockCmd)
    i.RCC_GetClocksFreq                      0x080009b4   Section        0  stm32f10x_rcc.o(i.RCC_GetClocksFreq)
    i.SVC_Handler                            0x08000a88   Section        0  stm32f10x_it.o(i.SVC_Handler)
    i.SetSysClock                            0x08000a8a   Section        0  system_stm32f10x.o(i.SetSysClock)
    SetSysClock                              0x08000a8b   Thumb Code     8  system_stm32f10x.o(i.SetSysClock)
    i.SetSysClockTo72                        0x08000a94   Section        0  system_stm32f10x.o(i.SetSysClockTo72)
    SetSysClockTo72                          0x08000a95   Thumb Code   214  system_stm32f10x.o(i.SetSysClockTo72)
    i.SysTick_CLKSourceConfig                0x08000b74   Section        0  misc.o(i.SysTick_CLKSourceConfig)
    i.SysTick_Handler                        0x08000b9c   Section        0  stm32f10x_it.o(i.SysTick_Handler)
    i.SystemInit                             0x08000ba0   Section        0  system_stm32f10x.o(i.SystemInit)
    i.TIM2_IRQHandler                        0x08000c00   Section        0  motor.o(i.TIM2_IRQHandler)
    i.TIM3_IRQHandler                        0x08000cec   Section        0  speedcount.o(i.TIM3_IRQHandler)
    i.TIM_ClearITPendingBit                  0x08000d0c   Section        0  stm32f10x_tim.o(i.TIM_ClearITPendingBit)
    i.TIM_Cmd                                0x08000d12   Section        0  stm32f10x_tim.o(i.TIM_Cmd)
    i.TIM_GetCounter                         0x08000d2a   Section        0  stm32f10x_tim.o(i.TIM_GetCounter)
    i.TIM_GetITStatus                        0x08000d30   Section        0  stm32f10x_tim.o(i.TIM_GetITStatus)
    i.TIM_ITConfig                           0x08000d52   Section        0  stm32f10x_tim.o(i.TIM_ITConfig)
    i.TIM_SetCounter                         0x08000d64   Section        0  stm32f10x_tim.o(i.TIM_SetCounter)
    i.TIM_TimeBaseInit                       0x08000d68   Section        0  stm32f10x_tim.o(i.TIM_TimeBaseInit)
    i.USART1_IRQHandler                      0x08000e0c   Section        0  usart.o(i.USART1_IRQHandler)
    i.USART3_IRQHandler                      0x08000e34   Section        0  bluetooth.o(i.USART3_IRQHandler)
    i.USART_Cmd                              0x08000e58   Section        0  stm32f10x_usart.o(i.USART_Cmd)
    i.USART_GetITStatus                      0x08000e70   Section        0  stm32f10x_usart.o(i.USART_GetITStatus)
    i.USART_ITConfig                         0x08000ec4   Section        0  stm32f10x_usart.o(i.USART_ITConfig)
    i.USART_Init                             0x08000f10   Section        0  stm32f10x_usart.o(i.USART_Init)
    i.USART_ReceiveData                      0x08000fe8   Section        0  stm32f10x_usart.o(i.USART_ReceiveData)
    i.USART_SendData                         0x08000ff2   Section        0  stm32f10x_usart.o(i.USART_SendData)
    i.UsageFault_Handler                     0x08000ffa   Section        0  stm32f10x_it.o(i.UsageFault_Handler)
    i.__0printf$8                            0x08001000   Section        0  printf8.o(i.__0printf$8)
    i.__0sprintf$8                           0x08001020   Section        0  printf8.o(i.__0sprintf$8)
    i.__scatterload_copy                     0x08001048   Section       14  handlers.o(i.__scatterload_copy)
    i.__scatterload_null                     0x08001056   Section        2  handlers.o(i.__scatterload_null)
    i.__scatterload_zeroinit                 0x08001058   Section       14  handlers.o(i.__scatterload_zeroinit)
    i._printf_core                           0x08001068   Section        0  printf8.o(i._printf_core)
    _printf_core                             0x08001069   Thumb Code   984  printf8.o(i._printf_core)
    i._printf_post_padding                   0x0800146c   Section        0  printf8.o(i._printf_post_padding)
    _printf_post_padding                     0x0800146d   Thumb Code    36  printf8.o(i._printf_post_padding)
    i._printf_pre_padding                    0x08001490   Section        0  printf8.o(i._printf_pre_padding)
    _printf_pre_padding                      0x08001491   Thumb Code    46  printf8.o(i._printf_pre_padding)
    i._sputc                                 0x080014be   Section        0  printf8.o(i._sputc)
    _sputc                                   0x080014bf   Thumb Code    10  printf8.o(i._sputc)
    i.avoid_status                           0x080014c8   Section        0  infrared.o(i.avoid_status)
    i.beep_MODE                              0x0800153c   Section        0  led.o(i.beep_MODE)
    i.carCtr                                 0x0800159c   Section        0  motor.o(i.carCtr)
    i.carLeft                                0x080015b0   Section        0  motor.o(i.carLeft)
    i.carMove                                0x080015bc   Section        0  motor.o(i.carMove)
    i.carRight                               0x080016f0   Section        0  motor.o(i.carRight)
    i.delay_init                             0x080016fc   Section        0  delay.o(i.delay_init)
    i.delay_ms                               0x08001740   Section        0  delay.o(i.delay_ms)
    i.delay_us                               0x0800178c   Section        0  delay.o(i.delay_us)
    i.fputc                                  0x080017d8   Section        0  usart.o(i.fputc)
    i.getAngle                               0x08001808   Section        0  motor.o(i.getAngle)
    i.getDistance                            0x08001814   Section        0  ultrasonic.o(i.getDistance)
    i.getLeftFlag                            0x08001910   Section        0  motor.o(i.getLeftFlag)
    i.getRightFlag                           0x0800191c   Section        0  motor.o(i.getRightFlag)
    i.getWdistance                           0x08001928   Section        0  ultrasonic.o(i.getWdistance)
    i.lcdClear                               0x080019b8   Section        0  lcd1602.o(i.lcdClear)
    i.lcdInit                                0x080019c8   Section        0  lcd1602.o(i.lcdInit)
    i.lcdWriteCmd                            0x08001a60   Section        0  lcd1602.o(i.lcdWriteCmd)
    i.lcdWriteData                           0x08001ac4   Section        0  lcd1602.o(i.lcdWriteData)
    i.lcdWriteDistance                       0x08001b28   Section        0  lcd1602.o(i.lcdWriteDistance)
    i.lcdWriteSpeed                          0x08001bc4   Section        0  lcd1602.o(i.lcdWriteSpeed)
    i.lcdWriteTrackMsg                       0x08001c58   Section        0  lcd1602.o(i.lcdWriteTrackMsg)
    i.led_MODE                               0x08001cfc   Section        0  led.o(i.led_MODE)
    i.led_init                               0x08001d5c   Section        0  led.o(i.led_init)
    i.main                                   0x08001d98   Section        0  main.o(i.main)
    i.mode0                                  0x08001f64   Section        0  main.o(i.mode0)
    i.mode1                                  0x080022fc   Section        0  main.o(i.mode1)
    i.mode2                                  0x08002654   Section        0  main.o(i.mode2)
    i.mode3                                  0x08002d04   Section        0  main.o(i.mode3)
    i.motor_init                             0x08003234   Section        0  motor.o(i.motor_init)
    i.motor_tim2_init                        0x08003314   Section        0  motor.o(i.motor_tim2_init)
    i.red_avoid_run                          0x0800336c   Section        0  infrared.o(i.red_avoid_run)
    i.red_check                              0x0800340c   Section        0  infrared.o(i.red_check)
    i.red_scan                               0x08003444   Section        0  infrared.o(i.red_scan)
    i.servoAngleADD                          0x08003654   Section        0  motor.o(i.servoAngleADD)
    i.servoAngleCtr                          0x0800366c   Section        0  motor.o(i.servoAngleCtr)
    i.servoAngleSUB                          0x08003680   Section        0  motor.o(i.servoAngleSUB)
    i.speedCountInit                         0x08003698   Section        0  speedcount.o(i.speedCountInit)
    i.speedCtr                               0x080036e4   Section        0  motor.o(i.speedCtr)
    i.speedTest                              0x08003718   Section        0  speedcount.o(i.speedTest)
    i.speed_tim3_init                        0x08003828   Section        0  speedcount.o(i.speed_tim3_init)
    i.trackingSearch                         0x08003888   Section        0  tracking.o(i.trackingSearch)
    i.tracking_init                          0x0800394c   Section        0  tracking.o(i.tracking_init)
    i.ult_tim4_init                          0x08003970   Section        0  ultrasonic.o(i.ult_tim4_init)
    i.ultrasonicInit                         0x080039a0   Section        0  ultrasonic.o(i.ultrasonicInit)
    i.usart1_init                            0x08003a38   Section        0  usart.o(i.usart1_init)
    .constdata                               0x08003adc   Section      125  lcd1602.o(.constdata)
    .data                                    0x20000000   Section       49  main.o(.data)
    .data                                    0x20000034   Section       20  system_stm32f10x.o(.data)
    .data                                    0x20000048   Section       20  stm32f10x_rcc.o(.data)
    APBAHBPrescTable                         0x20000048   Data          16  stm32f10x_rcc.o(.data)
    ADCPrescTable                            0x20000058   Data           4  stm32f10x_rcc.o(.data)
    .data                                    0x2000005c   Section       20  motor.o(.data)
    left_flag                                0x2000005c   Data           4  motor.o(.data)
    right_flag                               0x20000060   Data           4  motor.o(.data)
    servo_count                              0x20000068   Data           4  motor.o(.data)
    servo_angle                              0x2000006c   Data           4  motor.o(.data)
    .data                                    0x20000070   Section        5  infrared.o(.data)
    .data                                    0x20000075   Section        7  speedcount.o(.data)
    leftSpeedTmp                             0x20000077   Data           1  speedcount.o(.data)
    rightSpeedTmp                            0x20000078   Data           1  speedcount.o(.data)
    left_compare                             0x20000079   Data           1  speedcount.o(.data)
    right_compare                            0x2000007a   Data           1  speedcount.o(.data)
    timeCount                                0x2000007b   Data           1  speedcount.o(.data)
    .data                                    0x2000007c   Section        1  tracking.o(.data)
    .data                                    0x20000080   Section       16  ultrasonic.o(.data)
    distanceTmp                              0x2000008c   Data           4  ultrasonic.o(.data)
    .data                                    0x20000090   Section        2  bluetooth.o(.data)
    .data                                    0x20000092   Section        4  delay.o(.data)
    fac_us                                   0x20000092   Data           1  delay.o(.data)
    fac_ms                                   0x20000094   Data           2  delay.o(.data)
    .data                                    0x20000098   Section        4  stdout.o(.data)
    .bss                                     0x2000009c   Section       20  ultrasonic.o(.bss)
    STACK                                    0x200000b0   Section     1024  startup_stm32f10x_hd.o(STACK)

    Global Symbols

    Symbol Name                              Value     Ov Type        Size  Object(Section)

    BuildAttributes$$THM_ISAv4$P$D$K$B$S$PE$A:L22UL41UL21$X:L11$S22US41US21$IEEE1$IW$USESV6$~STKCKD$USESV7$~SHL$OSPACE$ROPI$EBA8$MICROLIB$REQ8$PRES8$EABIv2 0x00000000   Number         0  anon$$obj.o ABSOLUTE
    __ARM_use_no_argv                        0x00000000   Number         0  main.o ABSOLUTE
    _printf_a                                0x00000000   Number         0  stubs.o ABSOLUTE
    _printf_c                                0x00000000   Number         0  stubs.o ABSOLUTE
    _printf_charcount                        0x00000000   Number         0  stubs.o ABSOLUTE
    _printf_d                                0x00000000   Number         0  stubs.o ABSOLUTE
    _printf_e                                0x00000000   Number         0  stubs.o ABSOLUTE
    _printf_f                                0x00000000   Number         0  stubs.o ABSOLUTE
    _printf_flags                            0x00000000   Number         0  stubs.o ABSOLUTE
    _printf_fp_dec                           0x00000000   Number         0  stubs.o ABSOLUTE
    _printf_fp_hex                           0x00000000   Number         0  stubs.o ABSOLUTE
    _printf_g                                0x00000000   Number         0  stubs.o ABSOLUTE
    _printf_i                                0x00000000   Number         0  stubs.o ABSOLUTE
    _printf_int_dec                          0x00000000   Number         0  stubs.o ABSOLUTE
    _printf_l                                0x00000000   Number         0  stubs.o ABSOLUTE
    _printf_lc                               0x00000000   Number         0  stubs.o ABSOLUTE
    _printf_ll                               0x00000000   Number         0  stubs.o ABSOLUTE
    _printf_lld                              0x00000000   Number         0  stubs.o ABSOLUTE
    _printf_lli                              0x00000000   Number         0  stubs.o ABSOLUTE
    _printf_llo                              0x00000000   Number         0  stubs.o ABSOLUTE
    _printf_llu                              0x00000000   Number         0  stubs.o ABSOLUTE
    _printf_llx                              0x00000000   Number         0  stubs.o ABSOLUTE
    _printf_longlong_dec                     0x00000000   Number         0  stubs.o ABSOLUTE
    _printf_longlong_hex                     0x00000000   Number         0  stubs.o ABSOLUTE
    _printf_longlong_oct                     0x00000000   Number         0  stubs.o ABSOLUTE
    _printf_ls                               0x00000000   Number         0  stubs.o ABSOLUTE
    _printf_mbtowc                           0x00000000   Number         0  stubs.o ABSOLUTE
    _printf_n                                0x00000000   Number         0  stubs.o ABSOLUTE
    _printf_o                                0x00000000   Number         0  stubs.o ABSOLUTE
    _printf_p                                0x00000000   Number         0  stubs.o ABSOLUTE
    _printf_percent                          0x00000000   Number         0  stubs.o ABSOLUTE
    _printf_pre_padding                      0x00000000   Number         0  stubs.o ABSOLUTE
    _printf_return_value                     0x00000000   Number         0  stubs.o ABSOLUTE
    _printf_s                                0x00000000   Number         0  stubs.o ABSOLUTE
    _printf_sizespec                         0x00000000   Number         0  stubs.o ABSOLUTE
    _printf_str                              0x00000000   Number         0  stubs.o ABSOLUTE
    _printf_truncate_signed                  0x00000000   Number         0  stubs.o ABSOLUTE
    _printf_truncate_unsigned                0x00000000   Number         0  stubs.o ABSOLUTE
    _printf_u                                0x00000000   Number         0  stubs.o ABSOLUTE
    _printf_wc                               0x00000000   Number         0  stubs.o ABSOLUTE
    _printf_wctomb                           0x00000000   Number         0  stubs.o ABSOLUTE
    _printf_widthprec                        0x00000000   Number         0  stubs.o ABSOLUTE
    _printf_x                                0x00000000   Number         0  stubs.o ABSOLUTE
    __arm_fini_                               - Undefined Weak Reference
    __cpp_initialize__aeabi_                  - Undefined Weak Reference
    __cxa_finalize                            - Undefined Weak Reference
    __decompress                              - Undefined Weak Reference
    _clock_init                               - Undefined Weak Reference
    _microlib_exit                            - Undefined Weak Reference
    __Vectors_Size                           0x00000130   Number         0  startup_stm32f10x_hd.o ABSOLUTE
    __Vectors                                0x08000000   Data           4  startup_stm32f10x_hd.o(RESET)
    __Vectors_End                            0x08000130   Data           0  startup_stm32f10x_hd.o(RESET)
    __main                                   0x08000131   Thumb Code     0  entry.o(.ARM.Collect$$$$00000000)
    _main_stk                                0x08000131   Thumb Code     0  entry2.o(.ARM.Collect$$$$00000001)
    _main_scatterload                        0x08000135   Thumb Code     0  entry5.o(.ARM.Collect$$$$00000004)
    __main_after_scatterload                 0x08000139   Thumb Code     0  entry5.o(.ARM.Collect$$$$00000004)
    _main_clock                              0x08000139   Thumb Code     0  entry7b.o(.ARM.Collect$$$$00000008)
    _main_cpp_init                           0x08000139   Thumb Code     0  entry8b.o(.ARM.Collect$$$$0000000A)
    _main_init                               0x08000139   Thumb Code     0  entry9a.o(.ARM.Collect$$$$0000000B)
    __rt_lib_shutdown_fini                   0x08000141   Thumb Code     0  entry12b.o(.ARM.Collect$$$$0000000E)
    __rt_final_cpp                           0x08000145   Thumb Code     0  entry10a.o(.ARM.Collect$$$$0000000F)
    __rt_final_exit                          0x08000145   Thumb Code     0  entry11a.o(.ARM.Collect$$$$00000011)
    Reset_Handler                            0x08000149   Thumb Code     8  startup_stm32f10x_hd.o(.text)
    ADC1_2_IRQHandler                        0x08000163   Thumb Code     0  startup_stm32f10x_hd.o(.text)
    ADC3_IRQHandler                          0x08000163   Thumb Code     0  startup_stm32f10x_hd.o(.text)
    CAN1_RX1_IRQHandler                      0x08000163   Thumb Code     0  startup_stm32f10x_hd.o(.text)
    CAN1_SCE_IRQHandler                      0x08000163   Thumb Code     0  startup_stm32f10x_hd.o(.text)
    DMA1_Channel1_IRQHandler                 0x08000163   Thumb Code     0  startup_stm32f10x_hd.o(.text)
    DMA1_Channel2_IRQHandler                 0x08000163   Thumb Code     0  startup_stm32f10x_hd.o(.text)
    DMA1_Channel3_IRQHandler                 0x08000163   Thumb Code     0  startup_stm32f10x_hd.o(.text)
    DMA1_Channel4_IRQHandler                 0x08000163   Thumb Code     0  startup_stm32f10x_hd.o(.text)
    DMA1_Channel5_IRQHandler                 0x08000163   Thumb Code     0  startup_stm32f10x_hd.o(.text)
    DMA1_Channel6_IRQHandler                 0x08000163   Thumb Code     0  startup_stm32f10x_hd.o(.text)
    DMA1_Channel7_IRQHandler                 0x08000163   Thumb Code     0  startup_stm32f10x_hd.o(.text)
    DMA2_Channel1_IRQHandler                 0x08000163   Thumb Code     0  startup_stm32f10x_hd.o(.text)
    DMA2_Channel2_IRQHandler                 0x08000163   Thumb Code     0  startup_stm32f10x_hd.o(.text)
    DMA2_Channel3_IRQHandler                 0x08000163   Thumb Code     0  startup_stm32f10x_hd.o(.text)
    DMA2_Channel4_5_IRQHandler               0x08000163   Thumb Code     0  startup_stm32f10x_hd.o(.text)
    EXTI0_IRQHandler                         0x08000163   Thumb Code     0  startup_stm32f10x_hd.o(.text)
    EXTI1_IRQHandler                         0x08000163   Thumb Code     0  startup_stm32f10x_hd.o(.text)
    EXTI2_IRQHandler                         0x08000163   Thumb Code     0  startup_stm32f10x_hd.o(.text)
    EXTI3_IRQHandler                         0x08000163   Thumb Code     0  startup_stm32f10x_hd.o(.text)
    EXTI4_IRQHandler                         0x08000163   Thumb Code     0  startup_stm32f10x_hd.o(.text)
    EXTI9_5_IRQHandler                       0x08000163   Thumb Code     0  startup_stm32f10x_hd.o(.text)
    FLASH_IRQHandler                         0x08000163   Thumb Code     0  startup_stm32f10x_hd.o(.text)
    FSMC_IRQHandler                          0x08000163   Thumb Code     0  startup_stm32f10x_hd.o(.text)
    I2C1_ER_IRQHandler                       0x08000163   Thumb Code     0  startup_stm32f10x_hd.o(.text)
    I2C1_EV_IRQHandler                       0x08000163   Thumb Code     0  startup_stm32f10x_hd.o(.text)
    I2C2_ER_IRQHandler                       0x08000163   Thumb Code     0  startup_stm32f10x_hd.o(.text)
    I2C2_EV_IRQHandler                       0x08000163   Thumb Code     0  startup_stm32f10x_hd.o(.text)
    PVD_IRQHandler                           0x08000163   Thumb Code     0  startup_stm32f10x_hd.o(.text)
    RCC_IRQHandler                           0x08000163   Thumb Code     0  startup_stm32f10x_hd.o(.text)
    RTCAlarm_IRQHandler                      0x08000163   Thumb Code     0  startup_stm32f10x_hd.o(.text)
    RTC_IRQHandler                           0x08000163   Thumb Code     0  startup_stm32f10x_hd.o(.text)
    SDIO_IRQHandler                          0x08000163   Thumb Code     0  startup_stm32f10x_hd.o(.text)
    SPI1_IRQHandler                          0x08000163   Thumb Code     0  startup_stm32f10x_hd.o(.text)
    SPI2_IRQHandler                          0x08000163   Thumb Code     0  startup_stm32f10x_hd.o(.text)
    SPI3_IRQHandler                          0x08000163   Thumb Code     0  startup_stm32f10x_hd.o(.text)
    TAMPER_IRQHandler                        0x08000163   Thumb Code     0  startup_stm32f10x_hd.o(.text)
    TIM1_BRK_IRQHandler                      0x08000163   Thumb Code     0  startup_stm32f10x_hd.o(.text)
    TIM1_CC_IRQHandler                       0x08000163   Thumb Code     0  startup_stm32f10x_hd.o(.text)
    TIM1_TRG_COM_IRQHandler                  0x08000163   Thumb Code     0  startup_stm32f10x_hd.o(.text)
    TIM1_UP_IRQHandler                       0x08000163   Thumb Code     0  startup_stm32f10x_hd.o(.text)
    TIM4_IRQHandler                          0x08000163   Thumb Code     0  startup_stm32f10x_hd.o(.text)
    TIM5_IRQHandler                          0x08000163   Thumb Code     0  startup_stm32f10x_hd.o(.text)
    TIM6_IRQHandler                          0x08000163   Thumb Code     0  startup_stm32f10x_hd.o(.text)
    TIM7_IRQHandler                          0x08000163   Thumb Code     0  startup_stm32f10x_hd.o(.text)
    TIM8_BRK_IRQHandler                      0x08000163   Thumb Code     0  startup_stm32f10x_hd.o(.text)
    TIM8_CC_IRQHandler                       0x08000163   Thumb Code     0  startup_stm32f10x_hd.o(.text)
    TIM8_TRG_COM_IRQHandler                  0x08000163   Thumb Code     0  startup_stm32f10x_hd.o(.text)
    TIM8_UP_IRQHandler                       0x08000163   Thumb Code     0  startup_stm32f10x_hd.o(.text)
    UART4_IRQHandler                         0x08000163   Thumb Code     0  startup_stm32f10x_hd.o(.text)
    UART5_IRQHandler                         0x08000163   Thumb Code     0  startup_stm32f10x_hd.o(.text)
    USART2_IRQHandler                        0x08000163   Thumb Code     0  startup_stm32f10x_hd.o(.text)
    USBWakeUp_IRQHandler                     0x08000163   Thumb Code     0  startup_stm32f10x_hd.o(.text)
    USB_HP_CAN1_TX_IRQHandler                0x08000163   Thumb Code     0  startup_stm32f10x_hd.o(.text)
    USB_LP_CAN1_RX0_IRQHandler               0x08000163   Thumb Code     0  startup_stm32f10x_hd.o(.text)
    WWDG_IRQHandler                          0x08000163   Thumb Code     0  startup_stm32f10x_hd.o(.text)
    __aeabi_dadd                             0x0800016d   Thumb Code   322  dadd.o(.text)
    __aeabi_dsub                             0x080002af   Thumb Code     6  dadd.o(.text)
    __aeabi_drsub                            0x080002b5   Thumb Code     6  dadd.o(.text)
    __aeabi_dmul                             0x080002bb   Thumb Code   228  dmul.o(.text)
    __aeabi_ui2d                             0x0800039f   Thumb Code    26  dfltui.o(.text)
    __aeabi_d2uiz                            0x080003b9   Thumb Code    50  dfixui.o(.text)
    __aeabi_uldivmod                         0x080003eb   Thumb Code    98  uldiv.o(.text)
    __aeabi_llsl                             0x0800044d   Thumb Code    30  llshl.o(.text)
    _ll_shift_l                              0x0800044d   Thumb Code     0  llshl.o(.text)
    __aeabi_llsr                             0x0800046b   Thumb Code    32  llushr.o(.text)
    _ll_ushift_r                             0x0800046b   Thumb Code     0  llushr.o(.text)
    __aeabi_lasr                             0x0800048b   Thumb Code    36  llsshr.o(.text)
    _ll_sshift_r                             0x0800048b   Thumb Code     0  llsshr.o(.text)
    __I$use$fp                               0x080004af   Thumb Code     0  iusefp.o(.text)
    _double_round                            0x080004af   Thumb Code    30  depilogue.o(.text)
    _double_epilogue                         0x080004cd   Thumb Code   156  depilogue.o(.text)
    __scatterload                            0x08000569   Thumb Code    28  init.o(.text)
    __scatterload_rt2                        0x08000569   Thumb Code     0  init.o(.text)
    BusFault_Handler                         0x0800058d   Thumb Code     4  stm32f10x_it.o(i.BusFault_Handler)
    DebugMon_Handler                         0x08000591   Thumb Code     2  stm32f10x_it.o(i.DebugMon_Handler)
    EXTI15_10_IRQHandler                     0x08000595   Thumb Code    32  infrared.o(i.EXTI15_10_IRQHandler)
    EXTI_ClearITPendingBit                   0x080005b9   Thumb Code     6  stm32f10x_exti.o(i.EXTI_ClearITPendingBit)
    EXTI_GetITStatus                         0x080005c5   Thumb Code    34  stm32f10x_exti.o(i.EXTI_GetITStatus)
    EXTI_Init                                0x080005ed   Thumb Code   142  stm32f10x_exti.o(i.EXTI_Init)
    GPIO_EXTILineConfig                      0x08000681   Thumb Code    60  stm32f10x_gpio.o(i.GPIO_EXTILineConfig)
    GPIO_Init                                0x080006c1   Thumb Code   278  stm32f10x_gpio.o(i.GPIO_Init)
    GPIO_ReadInputDataBit                    0x080007d7   Thumb Code    18  stm32f10x_gpio.o(i.GPIO_ReadInputDataBit)
    GPIO_ResetBits                           0x080007e9   Thumb Code     4  stm32f10x_gpio.o(i.GPIO_ResetBits)
    GPIO_SetBits                             0x080007ed   Thumb Code     4  stm32f10x_gpio.o(i.GPIO_SetBits)
    GPIO_clock_init                          0x080007f1   Thumb Code    60  sys.o(i.GPIO_clock_init)
    HardFault_Handler                        0x0800082d   Thumb Code     4  stm32f10x_it.o(i.HardFault_Handler)
    IR_init                                  0x08000831   Thumb Code   168  infrared.o(i.IR_init)
    MemManage_Handler                        0x080008e5   Thumb Code     4  stm32f10x_it.o(i.MemManage_Handler)
    NMI_Handler                              0x080008e9   Thumb Code     2  stm32f10x_it.o(i.NMI_Handler)
    NVIC_Init                                0x080008ed   Thumb Code   100  misc.o(i.NVIC_Init)
    NVIC_PriorityGroupConfig                 0x0800095d   Thumb Code    10  misc.o(i.NVIC_PriorityGroupConfig)
    PendSV_Handler                           0x08000971   Thumb Code     2  stm32f10x_it.o(i.PendSV_Handler)
    RCC_APB1PeriphClockCmd                   0x08000975   Thumb Code    26  stm32f10x_rcc.o(i.RCC_APB1PeriphClockCmd)
    RCC_APB2PeriphClockCmd                   0x08000995   Thumb Code    26  stm32f10x_rcc.o(i.RCC_APB2PeriphClockCmd)
    RCC_GetClocksFreq                        0x080009b5   Thumb Code   192  stm32f10x_rcc.o(i.RCC_GetClocksFreq)
    SVC_Handler                              0x08000a89   Thumb Code     2  stm32f10x_it.o(i.SVC_Handler)
    SysTick_CLKSourceConfig                  0x08000b75   Thumb Code    40  misc.o(i.SysTick_CLKSourceConfig)
    SysTick_Handler                          0x08000b9d   Thumb Code     2  stm32f10x_it.o(i.SysTick_Handler)
    SystemInit                               0x08000ba1   Thumb Code    78  system_stm32f10x.o(i.SystemInit)
    TIM2_IRQHandler                          0x08000c01   Thumb Code   192  motor.o(i.TIM2_IRQHandler)
    TIM3_IRQHandler                          0x08000ced   Thumb Code    26  speedcount.o(i.TIM3_IRQHandler)
    TIM_ClearITPendingBit                    0x08000d0d   Thumb Code     6  stm32f10x_tim.o(i.TIM_ClearITPendingBit)
    TIM_Cmd                                  0x08000d13   Thumb Code    24  stm32f10x_tim.o(i.TIM_Cmd)
    TIM_GetCounter                           0x08000d2b   Thumb Code     6  stm32f10x_tim.o(i.TIM_GetCounter)
    TIM_GetITStatus                          0x08000d31   Thumb Code    34  stm32f10x_tim.o(i.TIM_GetITStatus)
    TIM_ITConfig                             0x08000d53   Thumb Code    18  stm32f10x_tim.o(i.TIM_ITConfig)
    TIM_SetCounter                           0x08000d65   Thumb Code     4  stm32f10x_tim.o(i.TIM_SetCounter)
    TIM_TimeBaseInit                         0x08000d69   Thumb Code   122  stm32f10x_tim.o(i.TIM_TimeBaseInit)
    USART1_IRQHandler                        0x08000e0d   Thumb Code    34  usart.o(i.USART1_IRQHandler)
    USART3_IRQHandler                        0x08000e35   Thumb Code    28  bluetooth.o(i.USART3_IRQHandler)
    USART_Cmd                                0x08000e59   Thumb Code    24  stm32f10x_usart.o(i.USART_Cmd)
    USART_GetITStatus                        0x08000e71   Thumb Code    84  stm32f10x_usart.o(i.USART_GetITStatus)
    USART_ITConfig                           0x08000ec5   Thumb Code    74  stm32f10x_usart.o(i.USART_ITConfig)
    USART_Init                               0x08000f11   Thumb Code   210  stm32f10x_usart.o(i.USART_Init)
    USART_ReceiveData                        0x08000fe9   Thumb Code    10  stm32f10x_usart.o(i.USART_ReceiveData)
    USART_SendData                           0x08000ff3   Thumb Code     8  stm32f10x_usart.o(i.USART_SendData)
    UsageFault_Handler                       0x08000ffb   Thumb Code     4  stm32f10x_it.o(i.UsageFault_Handler)
    __0printf$8                              0x08001001   Thumb Code    22  printf8.o(i.__0printf$8)
    __1printf$8                              0x08001001   Thumb Code     0  printf8.o(i.__0printf$8)
    __2printf                                0x08001001   Thumb Code     0  printf8.o(i.__0printf$8)
    __0sprintf$8                             0x08001021   Thumb Code    34  printf8.o(i.__0sprintf$8)
    __1sprintf$8                             0x08001021   Thumb Code     0  printf8.o(i.__0sprintf$8)
    __2sprintf                               0x08001021   Thumb Code     0  printf8.o(i.__0sprintf$8)
    __scatterload_copy                       0x08001049   Thumb Code    14  handlers.o(i.__scatterload_copy)
    __scatterload_null                       0x08001057   Thumb Code     2  handlers.o(i.__scatterload_null)
    __scatterload_zeroinit                   0x08001059   Thumb Code    14  handlers.o(i.__scatterload_zeroinit)
    avoid_status                             0x080014c9   Thumb Code   108  infrared.o(i.avoid_status)
    beep_MODE                                0x0800153d   Thumb Code    90  led.o(i.beep_MODE)
    carCtr                                   0x0800159d   Thumb Code    10  motor.o(i.carCtr)
    carLeft                                  0x080015b1   Thumb Code     6  motor.o(i.carLeft)
    carMove                                  0x080015bd   Thumb Code   284  motor.o(i.carMove)
    carRight                                 0x080016f1   Thumb Code     6  motor.o(i.carRight)
    delay_init                               0x080016fd   Thumb Code    50  delay.o(i.delay_init)
    delay_ms                                 0x08001741   Thumb Code    72  delay.o(i.delay_ms)
    delay_us                                 0x0800178d   Thumb Code    72  delay.o(i.delay_us)
    fputc                                    0x080017d9   Thumb Code    42  usart.o(i.fputc)
    getAngle                                 0x08001809   Thumb Code     6  motor.o(i.getAngle)
    getDistance                              0x08001815   Thumb Code   226  ultrasonic.o(i.getDistance)
    getLeftFlag                              0x08001911   Thumb Code     6  motor.o(i.getLeftFlag)
    getRightFlag                             0x0800191d   Thumb Code     6  motor.o(i.getRightFlag)
    getWdistance                             0x08001929   Thumb Code   130  ultrasonic.o(i.getWdistance)
    lcdClear                                 0x080019b9   Thumb Code    16  lcd1602.o(i.lcdClear)
    lcdInit                                  0x080019c9   Thumb Code   144  lcd1602.o(i.lcdInit)
    lcdWriteCmd                              0x08001a61   Thumb Code    90  lcd1602.o(i.lcdWriteCmd)
    lcdWriteData                             0x08001ac5   Thumb Code    90  lcd1602.o(i.lcdWriteData)
    lcdWriteDistance                         0x08001b29   Thumb Code   134  lcd1602.o(i.lcdWriteDistance)
    lcdWriteSpeed                            0x08001bc5   Thumb Code   132  lcd1602.o(i.lcdWriteSpeed)
    lcdWriteTrackMsg                         0x08001c59   Thumb Code   138  lcd1602.o(i.lcdWriteTrackMsg)
    led_MODE                                 0x08001cfd   Thumb Code    90  led.o(i.led_MODE)
    led_init                                 0x08001d5d   Thumb Code    56  led.o(i.led_init)
    main                                     0x08001d99   Thumb Code   380  main.o(i.main)
    mode0                                    0x08001f65   Thumb Code   848  main.o(i.mode0)
    mode1                                    0x080022fd   Thumb Code   780  main.o(i.mode1)
    mode2                                    0x08002655   Thumb Code  1666  main.o(i.mode2)
    mode3                                    0x08002d05   Thumb Code  1292  main.o(i.mode3)
    motor_init                               0x08003235   Thumb Code   208  motor.o(i.motor_init)
    motor_tim2_init                          0x08003315   Thumb Code    88  motor.o(i.motor_tim2_init)
    red_avoid_run                            0x0800336d   Thumb Code   160  infrared.o(i.red_avoid_run)
    red_check                                0x0800340d   Thumb Code    50  infrared.o(i.red_check)
    red_scan                                 0x08003445   Thumb Code   504  infrared.o(i.red_scan)
    servoAngleADD                            0x08003655   Thumb Code    24  motor.o(i.servoAngleADD)
    servoAngleCtr                            0x0800366d   Thumb Code    12  motor.o(i.servoAngleCtr)
    servoAngleSUB                            0x08003681   Thumb Code    24  motor.o(i.servoAngleSUB)
    speedCountInit                           0x08003699   Thumb Code    70  speedcount.o(i.speedCountInit)
    speedCtr                                 0x080036e5   Thumb Code    42  motor.o(i.speedCtr)
    speedTest                                0x08003719   Thumb Code   226  speedcount.o(i.speedTest)
    speed_tim3_init                          0x08003829   Thumb Code    90  speedcount.o(i.speed_tim3_init)
    trackingSearch                           0x08003889   Thumb Code   186  tracking.o(i.trackingSearch)
    tracking_init                            0x0800394d   Thumb Code    32  tracking.o(i.tracking_init)
    ult_tim4_init                            0x08003971   Thumb Code    42  ultrasonic.o(i.ult_tim4_init)
    ultrasonicInit                           0x080039a1   Thumb Code   142  ultrasonic.o(i.ultrasonicInit)
    usart1_init                              0x08003a39   Thumb Code   156  usart.o(i.usart1_init)
    welcomeTable                             0x08003adc   Data          16  lcd1602.o(.constdata)
    distanceTable                            0x08003aec   Data          11  lcd1602.o(.constdata)
    modeTable                                0x08003af7   Data           6  lcd1602.o(.constdata)
    speedTable1                              0x08003afd   Data          16  lcd1602.o(.constdata)
    speedTable2                              0x08003b0d   Data          16  lcd1602.o(.constdata)
    trackTable1                              0x08003b1d   Data          15  lcd1602.o(.constdata)
    trackTable2                              0x08003b2c   Data          12  lcd1602.o(.constdata)
    trackTable3                              0x08003b38   Data          10  lcd1602.o(.constdata)
    trackTable4                              0x08003b42   Data          11  lcd1602.o(.constdata)
    trackTable5                              0x08003b4d   Data          12  lcd1602.o(.constdata)
    Region$$Table$$Base                      0x08003b5c   Number         0  anon$$obj.o(Region$$Table)
    Region$$Table$$Limit                     0x08003b7c   Number         0  anon$$obj.o(Region$$Table)
    ctrlCommand                              0x20000000   Data           1  main.o(.data)
    mode                                     0x20000001   Data           1  main.o(.data)
    redAvoidflag                             0x20000002   Data           1  main.o(.data)
    trackingflag                             0x20000003   Data           1  main.o(.data)
    ultrasonicflag                           0x20000004   Data           1  main.o(.data)
    speedCountflag                           0x20000005   Data           1  main.o(.data)
    turnLeft                                 0x20000006   Data           1  main.o(.data)
    turnRight                                0x20000007   Data           1  main.o(.data)
    pwm_1ms                                  0x20000008   Data           1  main.o(.data)
    tick_5ms                                 0x20000009   Data           1  main.o(.data)
    tick_200ms                               0x2000000a   Data           1  main.o(.data)
    tick_2s                                  0x2000000b   Data           1  main.o(.data)
    servoFlag                                0x2000000c   Data           1  main.o(.data)
    funN                                     0x20000010   Data           4  main.o(.data)
    fundisN                                  0x20000014   Data           4  main.o(.data)
    mode1_power                              0x20000018   Data           1  main.o(.data)
    mode2_redTime                            0x20000019   Data           1  main.o(.data)
    mode2_SLT                                0x2000001c   Data           4  main.o(.data)
    mode2_SRT                                0x20000020   Data           4  main.o(.data)
    mode2_carStop                            0x20000024   Data           1  main.o(.data)
    wirelessFlag                             0x20000025   Data           1  main.o(.data)
    redAvoidCount                            0x20000026   Data           1  main.o(.data)
    distanceCount                            0x20000027   Data           1  main.o(.data)
    trackingCount                            0x20000028   Data           1  main.o(.data)
    super_power                              0x20000029   Data           1  main.o(.data)
    super_power_B                            0x2000002a   Data           1  main.o(.data)
    powerCount                               0x2000002c   Data           4  main.o(.data)
    Rstatus                                  0x20000030   Data           1  main.o(.data)
    SystemCoreClock                          0x20000034   Data           4  system_stm32f10x.o(.data)
    AHBPrescTable                            0x20000038   Data          16  system_stm32f10x.o(.data)
    speed_count                              0x20000064   Data           1  motor.o(.data)
    IRdata                                   0x20000070   Data           4  infrared.o(.data)
    IRflag                                   0x20000074   Data           1  infrared.o(.data)
    leftSpeed                                0x20000075   Data           1  speedcount.o(.data)
    rightSpeed                               0x20000076   Data           1  speedcount.o(.data)
    trackStatus                              0x2000007c   Data           1  tracking.o(.data)
    ultrasonicStatus                         0x20000080   Data           1  ultrasonic.o(.data)
    distanceCM                               0x20000084   Data           4  ultrasonic.o(.data)
    direction                                0x20000088   Data           1  ultrasonic.o(.data)
    BTdate                                   0x20000090   Data           2  bluetooth.o(.data)
    __stdout                                 0x20000098   Data           4  stdout.o(.data)
    allDistanceCM                            0x2000009c   Data          20  ultrasonic.o(.bss)
    __initial_sp                             0x200004b0   Data           0  startup_stm32f10x_hd.o(STACK)



==============================================================================

Memory Map of the image

  Image Entry point : 0x08000131

  Load Region LR_IROM1 (Base: 0x08000000, Size: 0x00003c18, Max: 0x00080000, ABSOLUTE)

    Execution Region ER_IROM1 (Exec base: 0x08000000, Load base: 0x08000000, Size: 0x00003b7c, Max: 0x00080000, ABSOLUTE)

    Exec Addr    Load Addr    Size         Type   Attr      Idx    E Section Name        Object

    0x08000000   0x08000000   0x00000130   Data   RO          276    RESET               startup_stm32f10x_hd.o
    0x08000130   0x08000130   0x00000000   Code   RO         3694  * .ARM.Collect$$$$00000000  mc_w.l(entry.o)
    0x08000130   0x08000130   0x00000004   Code   RO         3966    .ARM.Collect$$$$00000001  mc_w.l(entry2.o)
    0x08000134   0x08000134   0x00000004   Code   RO         3969    .ARM.Collect$$$$00000004  mc_w.l(entry5.o)
    0x08000138   0x08000138   0x00000000   Code   RO         3971    .ARM.Collect$$$$00000008  mc_w.l(entry7b.o)
    0x08000138   0x08000138   0x00000000   Code   RO         3973    .ARM.Collect$$$$0000000A  mc_w.l(entry8b.o)
    0x08000138   0x08000138   0x00000008   Code   RO         3974    .ARM.Collect$$$$0000000B  mc_w.l(entry9a.o)
    0x08000140   0x08000140   0x00000004   Code   RO         3981    .ARM.Collect$$$$0000000E  mc_w.l(entry12b.o)
    0x08000144   0x08000144   0x00000000   Code   RO         3976    .ARM.Collect$$$$0000000F  mc_w.l(entry10a.o)
    0x08000144   0x08000144   0x00000000   Code   RO         3978    .ARM.Collect$$$$00000011  mc_w.l(entry11a.o)
    0x08000144   0x08000144   0x00000004   Code   RO         3967    .ARM.Collect$$$$00002712  mc_w.l(entry2.o)
    0x08000148   0x08000148   0x00000024   Code   RO          277    .text               startup_stm32f10x_hd.o
    0x0800016c   0x0800016c   0x0000014e   Code   RO         3958    .text               mf_w.l(dadd.o)
    0x080002ba   0x080002ba   0x000000e4   Code   RO         3960    .text               mf_w.l(dmul.o)
    0x0800039e   0x0800039e   0x0000001a   Code   RO         3962    .text               mf_w.l(dfltui.o)
    0x080003b8   0x080003b8   0x00000032   Code   RO         3964    .text               mf_w.l(dfixui.o)
    0x080003ea   0x080003ea   0x00000062   Code   RO         3985    .text               mc_w.l(uldiv.o)
    0x0800044c   0x0800044c   0x0000001e   Code   RO         3987    .text               mc_w.l(llshl.o)
    0x0800046a   0x0800046a   0x00000020   Code   RO         3989    .text               mc_w.l(llushr.o)
    0x0800048a   0x0800048a   0x00000024   Code   RO         3991    .text               mc_w.l(llsshr.o)
    0x080004ae   0x080004ae   0x00000000   Code   RO         3993    .text               mc_w.l(iusefp.o)
    0x080004ae   0x080004ae   0x000000ba   Code   RO         3994    .text               mf_w.l(depilogue.o)
    0x08000568   0x08000568   0x00000024   Code   RO         4002    .text               mc_w.l(init.o)
    0x0800058c   0x0800058c   0x00000004   Code   RO          166    i.BusFault_Handler  stm32f10x_it.o
    0x08000590   0x08000590   0x00000002   Code   RO          167    i.DebugMon_Handler  stm32f10x_it.o
    0x08000592   0x08000592   0x00000002   PAD
    0x08000594   0x08000594   0x00000024   Code   RO         3377    i.EXTI15_10_IRQHandler  infrared.o
    0x080005b8   0x080005b8   0x0000000c   Code   RO         1105    i.EXTI_ClearITPendingBit  stm32f10x_exti.o
    0x080005c4   0x080005c4   0x00000028   Code   RO         1109    i.EXTI_GetITStatus  stm32f10x_exti.o
    0x080005ec   0x080005ec   0x00000094   Code   RO         1110    i.EXTI_Init         stm32f10x_exti.o
    0x08000680   0x08000680   0x00000040   Code   RO         1455    i.GPIO_EXTILineConfig  stm32f10x_gpio.o
    0x080006c0   0x080006c0   0x00000116   Code   RO         1458    i.GPIO_Init         stm32f10x_gpio.o
    0x080007d6   0x080007d6   0x00000012   Code   RO         1462    i.GPIO_ReadInputDataBit  stm32f10x_gpio.o
    0x080007e8   0x080007e8   0x00000004   Code   RO         1465    i.GPIO_ResetBits    stm32f10x_gpio.o
    0x080007ec   0x080007ec   0x00000004   Code   RO         1466    i.GPIO_SetBits      stm32f10x_gpio.o
    0x080007f0   0x080007f0   0x0000003c   Code   RO         3682    i.GPIO_clock_init   sys.o
    0x0800082c   0x0800082c   0x00000004   Code   RO          168    i.HardFault_Handler  stm32f10x_it.o
    0x08000830   0x08000830   0x000000b4   Code   RO         3378    i.IR_init           infrared.o
    0x080008e4   0x080008e4   0x00000004   Code   RO          169    i.MemManage_Handler  stm32f10x_it.o
    0x080008e8   0x080008e8   0x00000002   Code   RO          170    i.NMI_Handler       stm32f10x_it.o
    0x080008ea   0x080008ea   0x00000002   PAD
    0x080008ec   0x080008ec   0x00000070   Code   RO          281    i.NVIC_Init         misc.o
    0x0800095c   0x0800095c   0x00000014   Code   RO          282    i.NVIC_PriorityGroupConfig  misc.o
    0x08000970   0x08000970   0x00000002   Code   RO          171    i.PendSV_Handler    stm32f10x_it.o
    0x08000972   0x08000972   0x00000002   PAD
    0x08000974   0x08000974   0x00000020   Code   RO         1874    i.RCC_APB1PeriphClockCmd  stm32f10x_rcc.o
    0x08000994   0x08000994   0x00000020   Code   RO         1876    i.RCC_APB2PeriphClockCmd  stm32f10x_rcc.o
    0x080009b4   0x080009b4   0x000000d4   Code   RO         1884    i.RCC_GetClocksFreq  stm32f10x_rcc.o
    0x08000a88   0x08000a88   0x00000002   Code   RO          172    i.SVC_Handler       stm32f10x_it.o
    0x08000a8a   0x08000a8a   0x00000008   Code   RO          229    i.SetSysClock       system_stm32f10x.o
    0x08000a92   0x08000a92   0x00000002   PAD
    0x08000a94   0x08000a94   0x000000e0   Code   RO          230    i.SetSysClockTo72   system_stm32f10x.o
    0x08000b74   0x08000b74   0x00000028   Code   RO          285    i.SysTick_CLKSourceConfig  misc.o
    0x08000b9c   0x08000b9c   0x00000002   Code   RO          173    i.SysTick_Handler   stm32f10x_it.o
    0x08000b9e   0x08000b9e   0x00000002   PAD
    0x08000ba0   0x08000ba0   0x00000060   Code   RO          232    i.SystemInit        system_stm32f10x.o
    0x08000c00   0x08000c00   0x000000ec   Code   RO         3274    i.TIM2_IRQHandler   motor.o
    0x08000cec   0x08000cec   0x00000020   Code   RO         3454    i.TIM3_IRQHandler   speedcount.o
    0x08000d0c   0x08000d0c   0x00000006   Code   RO         2503    i.TIM_ClearITPendingBit  stm32f10x_tim.o
    0x08000d12   0x08000d12   0x00000018   Code   RO         2508    i.TIM_Cmd           stm32f10x_tim.o
    0x08000d2a   0x08000d2a   0x00000006   Code   RO         2527    i.TIM_GetCounter    stm32f10x_tim.o
    0x08000d30   0x08000d30   0x00000022   Code   RO         2529    i.TIM_GetITStatus   stm32f10x_tim.o
    0x08000d52   0x08000d52   0x00000012   Code   RO         2533    i.TIM_ITConfig      stm32f10x_tim.o
    0x08000d64   0x08000d64   0x00000004   Code   RO         2573    i.TIM_SetCounter    stm32f10x_tim.o
    0x08000d68   0x08000d68   0x000000a4   Code   RO         2579    i.TIM_TimeBaseInit  stm32f10x_tim.o
    0x08000e0c   0x08000e0c   0x00000028   Code   RO         3658    i.USART1_IRQHandler  usart.o
    0x08000e34   0x08000e34   0x00000024   Code   RO         3554    i.USART3_IRQHandler  bluetooth.o
    0x08000e58   0x08000e58   0x00000018   Code   RO         3044    i.USART_Cmd         stm32f10x_usart.o
    0x08000e70   0x08000e70   0x00000054   Code   RO         3048    i.USART_GetITStatus  stm32f10x_usart.o
    0x08000ec4   0x08000ec4   0x0000004a   Code   RO         3050    i.USART_ITConfig    stm32f10x_usart.o
    0x08000f0e   0x08000f0e   0x00000002   PAD
    0x08000f10   0x08000f10   0x000000d8   Code   RO         3051    i.USART_Init        stm32f10x_usart.o
    0x08000fe8   0x08000fe8   0x0000000a   Code   RO         3058    i.USART_ReceiveData  stm32f10x_usart.o
    0x08000ff2   0x08000ff2   0x00000008   Code   RO         3061    i.USART_SendData    stm32f10x_usart.o
    0x08000ffa   0x08000ffa   0x00000004   Code   RO          174    i.UsageFault_Handler  stm32f10x_it.o
    0x08000ffe   0x08000ffe   0x00000002   PAD
    0x08001000   0x08001000   0x00000020   Code   RO         3904    i.__0printf$8       mc_w.l(printf8.o)
    0x08001020   0x08001020   0x00000028   Code   RO         3906    i.__0sprintf$8      mc_w.l(printf8.o)
    0x08001048   0x08001048   0x0000000e   Code   RO         4006    i.__scatterload_copy  mc_w.l(handlers.o)
    0x08001056   0x08001056   0x00000002   Code   RO         4007    i.__scatterload_null  mc_w.l(handlers.o)
    0x08001058   0x08001058   0x0000000e   Code   RO         4008    i.__scatterload_zeroinit  mc_w.l(handlers.o)
    0x08001066   0x08001066   0x00000002   PAD
    0x08001068   0x08001068   0x00000404   Code   RO         3911    i._printf_core      mc_w.l(printf8.o)
    0x0800146c   0x0800146c   0x00000024   Code   RO         3912    i._printf_post_padding  mc_w.l(printf8.o)
    0x08001490   0x08001490   0x0000002e   Code   RO         3913    i._printf_pre_padding  mc_w.l(printf8.o)
    0x080014be   0x080014be   0x0000000a   Code   RO         3915    i._sputc            mc_w.l(printf8.o)
    0x080014c8   0x080014c8   0x00000074   Code   RO         3379    i.avoid_status      infrared.o
    0x0800153c   0x0800153c   0x00000060   Code   RO         3426    i.beep_MODE         led.o
    0x0800159c   0x0800159c   0x00000014   Code   RO         3275    i.carCtr            motor.o
    0x080015b0   0x080015b0   0x0000000c   Code   RO         3276    i.carLeft           motor.o
    0x080015bc   0x080015bc   0x00000134   Code   RO         3277    i.carMove           motor.o
    0x080016f0   0x080016f0   0x0000000c   Code   RO         3279    i.carRight          motor.o
    0x080016fc   0x080016fc   0x00000044   Code   RO         3632    i.delay_init        delay.o
    0x08001740   0x08001740   0x0000004c   Code   RO         3633    i.delay_ms          delay.o
    0x0800178c   0x0800178c   0x0000004c   Code   RO         3634    i.delay_us          delay.o
    0x080017d8   0x080017d8   0x00000030   Code   RO         3659    i.fputc             usart.o
    0x08001808   0x08001808   0x0000000c   Code   RO         3280    i.getAngle          motor.o
    0x08001814   0x08001814   0x000000fc   Code   RO         3516    i.getDistance       ultrasonic.o
    0x08001910   0x08001910   0x0000000c   Code   RO         3281    i.getLeftFlag       motor.o
    0x0800191c   0x0800191c   0x0000000c   Code   RO         3282    i.getRightFlag      motor.o
    0x08001928   0x08001928   0x00000090   Code   RO         3517    i.getWdistance      ultrasonic.o
    0x080019b8   0x080019b8   0x00000010   Code   RO         3575    i.lcdClear          lcd1602.o
    0x080019c8   0x080019c8   0x00000098   Code   RO         3577    i.lcdInit           lcd1602.o
    0x08001a60   0x08001a60   0x00000064   Code   RO         3578    i.lcdWriteCmd       lcd1602.o
    0x08001ac4   0x08001ac4   0x00000064   Code   RO         3579    i.lcdWriteData      lcd1602.o
    0x08001b28   0x08001b28   0x0000009c   Code   RO         3580    i.lcdWriteDistance  lcd1602.o
    0x08001bc4   0x08001bc4   0x00000094   Code   RO         3581    i.lcdWriteSpeed     lcd1602.o
    0x08001c58   0x08001c58   0x000000a4   Code   RO         3582    i.lcdWriteTrackMsg  lcd1602.o
    0x08001cfc   0x08001cfc   0x00000060   Code   RO         3427    i.led_MODE          led.o
    0x08001d5c   0x08001d5c   0x0000003c   Code   RO         3428    i.led_init          led.o
    0x08001d98   0x08001d98   0x000001cc   Code   RO            1    i.main              main.o
    0x08001f64   0x08001f64   0x00000398   Code   RO            2    i.mode0             main.o
    0x080022fc   0x080022fc   0x00000358   Code   RO            3    i.mode1             main.o
    0x08002654   0x08002654   0x000006b0   Code   RO            4    i.mode2             main.o
    0x08002d04   0x08002d04   0x00000530   Code   RO            5    i.mode3             main.o
    0x08003234   0x08003234   0x000000e0   Code   RO         3283    i.motor_init        motor.o
    0x08003314   0x08003314   0x00000058   Code   RO         3284    i.motor_tim2_init   motor.o
    0x0800336c   0x0800336c   0x000000a0   Code   RO         3380    i.red_avoid_run     infrared.o
    0x0800340c   0x0800340c   0x00000038   Code   RO         3381    i.red_check         infrared.o
    0x08003444   0x08003444   0x00000210   Code   RO         3382    i.red_scan          infrared.o
    0x08003654   0x08003654   0x00000018   Code   RO         3285    i.servoAngleADD     motor.o
    0x0800366c   0x0800366c   0x00000014   Code   RO         3286    i.servoAngleCtr     motor.o
    0x08003680   0x08003680   0x00000018   Code   RO         3287    i.servoAngleSUB     motor.o
    0x08003698   0x08003698   0x0000004c   Code   RO         3455    i.speedCountInit    speedcount.o
    0x080036e4   0x080036e4   0x00000034   Code   RO         3288    i.speedCtr          motor.o
    0x08003718   0x08003718   0x00000110   Code   RO         3456    i.speedTest         speedcount.o
    0x08003828   0x08003828   0x00000060   Code   RO         3457    i.speed_tim3_init   speedcount.o
    0x08003888   0x08003888   0x000000c4   Code   RO         3491    i.trackingSearch    tracking.o
    0x0800394c   0x0800394c   0x00000024   Code   RO         3492    i.tracking_init     tracking.o
    0x08003970   0x08003970   0x00000030   Code   RO         3518    i.ult_tim4_init     ultrasonic.o
    0x080039a0   0x080039a0   0x00000098   Code   RO         3519    i.ultrasonicInit    ultrasonic.o
    0x08003a38   0x08003a38   0x000000a4   Code   RO         3660    i.usart1_init       usart.o
    0x08003adc   0x08003adc   0x0000007d   Data   RO         3583    .constdata          lcd1602.o
    0x08003b59   0x08003b59   0x00000003   PAD
    0x08003b5c   0x08003b5c   0x00000020   Data   RO         4004    Region$$Table       anon$$obj.o


    Execution Region RW_IRAM1 (Exec base: 0x20000000, Load base: 0x08003b7c, Size: 0x000004b0, Max: 0x00010000, ABSOLUTE)

    Exec Addr    Load Addr    Size         Type   Attr      Idx    E Section Name        Object

    0x20000000   0x08003b7c   0x00000031   Data   RW            6    .data               main.o
    0x20000031   0x08003bad   0x00000003   PAD
    0x20000034   0x08003bb0   0x00000014   Data   RW          233    .data               system_stm32f10x.o
    0x20000048   0x08003bc4   0x00000014   Data   RW         1904    .data               stm32f10x_rcc.o
    0x2000005c   0x08003bd8   0x00000014   Data   RW         3289    .data               motor.o
    0x20000070   0x08003bec   0x00000005   Data   RW         3383    .data               infrared.o
    0x20000075   0x08003bf1   0x00000007   Data   RW         3458    .data               speedcount.o
    0x2000007c   0x08003bf8   0x00000001   Data   RW         3493    .data               tracking.o
    0x2000007d   0x08003bf9   0x00000003   PAD
    0x20000080   0x08003bfc   0x00000010   Data   RW         3521    .data               ultrasonic.o
    0x20000090   0x08003c0c   0x00000002   Data   RW         3556    .data               bluetooth.o
    0x20000092   0x08003c0e   0x00000004   Data   RW         3635    .data               delay.o
    0x20000096   0x08003c12   0x00000002   PAD
    0x20000098   0x08003c14   0x00000004   Data   RW         3982    .data               mc_w.l(stdout.o)
    0x2000009c        -       0x00000014   Zero   RW         3520    .bss                ultrasonic.o
    0x200000b0        -       0x00000400   Zero   RW          274    STACK               startup_stm32f10x_hd.o


==============================================================================

Image component sizes


      Code (inc. data)   RO Data    RW Data    ZI Data      Debug   Object Name

        36          8          0          2          0        637   bluetooth.o
         0          0          0          0          0         32   core_cm3.o
       220         26          0          4          0       1527   delay.o
      1076         68          0          5          0       4039   infrared.o
       836         92        125          0          0       4911   lcd1602.o
       252         16          0          0          0       1618   led.o
      5276        532          0         49          0     258164   main.o
       172         22          0          0          0     208677   misc.o
      1056        142          0         20          0       7022   motor.o
       476         64          0          7          0       2432   speedcount.o
        36          8        304          0       1024        768   startup_stm32f10x_hd.o
       200         18          0          0          0       1896   stm32f10x_exti.o
       368          4          0          0          0       3966   stm32f10x_gpio.o
        26          0          0          0          0       3446   stm32f10x_it.o
       276         32          0         20          0       4186   stm32f10x_rcc.o
       256         42          0          0          0       4216   stm32f10x_tim.o
       416          6          0          0          0       5175   stm32f10x_usart.o
        60          0          0          0          0        426   sys.o
       328         28          0         20          0       1937   system_stm32f10x.o
       232         14          0          1          0       1187   tracking.o
       596         56          0         16         20       2952   ultrasonic.o
       252         20          0          0          0       1646   usart.o

    ----------------------------------------------------------------------
     12460       1198        464        152       1044     520860   Object Totals
         0          0         32          0          0          0   (incl. Generated)
        14          0          3          8          0          0   (incl. Padding)

    ----------------------------------------------------------------------

      Code (inc. data)   RO Data    RW Data    ZI Data      Debug   Library Member Name

         0          0          0          0          0          0   entry.o
         0          0          0          0          0          0   entry10a.o
         0          0          0          0          0          0   entry11a.o
         4          0          0          0          0          0   entry12b.o
         8          4          0          0          0          0   entry2.o
         4          0          0          0          0          0   entry5.o
         0          0          0          0          0          0   entry7b.o
         0          0          0          0          0          0   entry8b.o
         8          4          0          0          0          0   entry9a.o
        30          0          0          0          0          0   handlers.o
        36          8          0          0          0         68   init.o
         0          0          0          0          0          0   iusefp.o
        30          0          0          0          0         68   llshl.o
        36          0          0          0          0         68   llsshr.o
        32          0          0          0          0         68   llushr.o
      1192         60          0          0          0        504   printf8.o
         0          0          0          4          0          0   stdout.o
        98          0          0          0          0         92   uldiv.o
       334          0          0          0          0        148   dadd.o
       186          0          0          0          0        176   depilogue.o
        50          0          0          0          0         76   dfixui.o
        26          0          0          0          0         76   dfltui.o
       228          0          0          0          0         96   dmul.o

    ----------------------------------------------------------------------
      2304         76          0          4          0       1440   Library Totals
         2          0          0          0          0          0   (incl. Padding)

    ----------------------------------------------------------------------

      Code (inc. data)   RO Data    RW Data    ZI Data      Debug   Library Name

      1478         76          0          4          0        868   mc_w.l
       824          0          0          0          0        572   mf_w.l

    ----------------------------------------------------------------------
      2304         76          0          4          0       1440   Library Totals

    ----------------------------------------------------------------------

==============================================================================


      Code (inc. data)   RO Data    RW Data    ZI Data      Debug   

     14764       1274        464        156       1044     517148   Grand Totals
     14764       1274        464        156       1044     517148   ELF Image Totals
     14764       1274        464        156          0          0   ROM Totals

==============================================================================

    Total RO  Size (Code + RO Data)                15228 (  14.87kB)
    Total RW  Size (RW Data + ZI Data)              1200 (   1.17kB)
    Total ROM Size (Code + RO Data + RW Data)      15384 (  15.02kB)

==============================================================================

